ARM GAS  C:\Users\quint\AppData\Local\Temp\ccwFY46d.s 			page 1


   1              		.syntax unified
   2              		.cpu cortex-m0
   3              		.fpu softvfp
   4              		.eabi_attribute 20, 1
   5              		.eabi_attribute 21, 1
   6              		.eabi_attribute 23, 3
   7              		.eabi_attribute 24, 1
   8              		.eabi_attribute 25, 1
   9              		.eabi_attribute 26, 1
  10              		.eabi_attribute 30, 6
  11              		.eabi_attribute 34, 0
  12              		.eabi_attribute 18, 4
  13              		.thumb
  14              		.syntax unified
  15              		.file	"cyfitter_cfg.c"
  16              		.text
  17              	.Ltext0:
  18              		.cfi_sections	.debug_frame
  19              		.section	.text.CYMEMZERO,"ax",%progbits
  20              		.align	2
  21              		.code	16
  22              		.thumb_func
  23              		.type	CYMEMZERO, %function
  24              	CYMEMZERO:
  25              	.LFB0:
  26              		.file 1 "Generated_Source\\PSoC4\\cyfitter_cfg.c"
   1:Generated_Source\PSoC4/cyfitter_cfg.c **** 
   2:Generated_Source\PSoC4/cyfitter_cfg.c **** /*******************************************************************************
   3:Generated_Source\PSoC4/cyfitter_cfg.c **** * File Name: cyfitter_cfg.c
   4:Generated_Source\PSoC4/cyfitter_cfg.c **** * 
   5:Generated_Source\PSoC4/cyfitter_cfg.c **** * PSoC Creator  4.2
   6:Generated_Source\PSoC4/cyfitter_cfg.c **** *
   7:Generated_Source\PSoC4/cyfitter_cfg.c **** * Description:
   8:Generated_Source\PSoC4/cyfitter_cfg.c **** * This file contains device initialization code.
   9:Generated_Source\PSoC4/cyfitter_cfg.c **** * Except for the user defined sections in CyClockStartupError(), this file should not be modified.
  10:Generated_Source\PSoC4/cyfitter_cfg.c **** * This file is automatically generated by PSoC Creator.
  11:Generated_Source\PSoC4/cyfitter_cfg.c **** *
  12:Generated_Source\PSoC4/cyfitter_cfg.c **** ********************************************************************************
  13:Generated_Source\PSoC4/cyfitter_cfg.c **** * Copyright (c) 2007-2018 Cypress Semiconductor.  All rights reserved.
  14:Generated_Source\PSoC4/cyfitter_cfg.c **** * You may use this file only in accordance with the license, terms, conditions, 
  15:Generated_Source\PSoC4/cyfitter_cfg.c **** * disclaimers, and limitations in the end user license agreement accompanying 
  16:Generated_Source\PSoC4/cyfitter_cfg.c **** * the software package with which this file was provided.
  17:Generated_Source\PSoC4/cyfitter_cfg.c **** ********************************************************************************/
  18:Generated_Source\PSoC4/cyfitter_cfg.c **** 
  19:Generated_Source\PSoC4/cyfitter_cfg.c **** #include <string.h>
  20:Generated_Source\PSoC4/cyfitter_cfg.c **** #include "cytypes.h"
  21:Generated_Source\PSoC4/cyfitter_cfg.c **** #include "cydevice_trm.h"
  22:Generated_Source\PSoC4/cyfitter_cfg.c **** #include "cyfitter.h"
  23:Generated_Source\PSoC4/cyfitter_cfg.c **** #include "CyLib.h"
  24:Generated_Source\PSoC4/cyfitter_cfg.c **** #include "cyfitter_cfg.h"
  25:Generated_Source\PSoC4/cyfitter_cfg.c **** 
  26:Generated_Source\PSoC4/cyfitter_cfg.c **** 
  27:Generated_Source\PSoC4/cyfitter_cfg.c **** #if defined(__GNUC__) || defined(__ARMCC_VERSION)
  28:Generated_Source\PSoC4/cyfitter_cfg.c ****     #define CYPACKED 
  29:Generated_Source\PSoC4/cyfitter_cfg.c ****     #define CYPACKED_ATTR __attribute__ ((packed))
  30:Generated_Source\PSoC4/cyfitter_cfg.c ****     #define CYALIGNED __attribute__ ((aligned))
  31:Generated_Source\PSoC4/cyfitter_cfg.c ****     #define CY_CFG_UNUSED __attribute__ ((unused))
ARM GAS  C:\Users\quint\AppData\Local\Temp\ccwFY46d.s 			page 2


  32:Generated_Source\PSoC4/cyfitter_cfg.c ****     #ifndef CY_CFG_SECTION
  33:Generated_Source\PSoC4/cyfitter_cfg.c ****         #define CY_CFG_SECTION __attribute__ ((section(".psocinit")))
  34:Generated_Source\PSoC4/cyfitter_cfg.c ****     #endif
  35:Generated_Source\PSoC4/cyfitter_cfg.c ****     
  36:Generated_Source\PSoC4/cyfitter_cfg.c ****     #if defined(__ARMCC_VERSION)
  37:Generated_Source\PSoC4/cyfitter_cfg.c ****         #define CY_CFG_MEMORY_BARRIER() __memory_changed()
  38:Generated_Source\PSoC4/cyfitter_cfg.c ****     #else
  39:Generated_Source\PSoC4/cyfitter_cfg.c ****         #define CY_CFG_MEMORY_BARRIER() __sync_synchronize()
  40:Generated_Source\PSoC4/cyfitter_cfg.c ****     #endif
  41:Generated_Source\PSoC4/cyfitter_cfg.c ****     
  42:Generated_Source\PSoC4/cyfitter_cfg.c **** #elif defined(__ICCARM__)
  43:Generated_Source\PSoC4/cyfitter_cfg.c ****     #include <intrinsics.h>
  44:Generated_Source\PSoC4/cyfitter_cfg.c **** 
  45:Generated_Source\PSoC4/cyfitter_cfg.c ****     #define CYPACKED __packed
  46:Generated_Source\PSoC4/cyfitter_cfg.c ****     #define CYPACKED_ATTR 
  47:Generated_Source\PSoC4/cyfitter_cfg.c ****     #define CYALIGNED _Pragma("data_alignment=4")
  48:Generated_Source\PSoC4/cyfitter_cfg.c ****     #define CY_CFG_UNUSED _Pragma("diag_suppress=Pe177")
  49:Generated_Source\PSoC4/cyfitter_cfg.c ****     #define CY_CFG_SECTION _Pragma("location=\".psocinit\"")
  50:Generated_Source\PSoC4/cyfitter_cfg.c ****     
  51:Generated_Source\PSoC4/cyfitter_cfg.c ****     #define CY_CFG_MEMORY_BARRIER() __DMB()
  52:Generated_Source\PSoC4/cyfitter_cfg.c ****     
  53:Generated_Source\PSoC4/cyfitter_cfg.c **** #else
  54:Generated_Source\PSoC4/cyfitter_cfg.c ****     #error Unsupported toolchain
  55:Generated_Source\PSoC4/cyfitter_cfg.c **** #endif
  56:Generated_Source\PSoC4/cyfitter_cfg.c **** 
  57:Generated_Source\PSoC4/cyfitter_cfg.c **** #ifndef CYCODE
  58:Generated_Source\PSoC4/cyfitter_cfg.c ****     #define CYCODE
  59:Generated_Source\PSoC4/cyfitter_cfg.c **** #endif
  60:Generated_Source\PSoC4/cyfitter_cfg.c **** #ifndef CYDATA
  61:Generated_Source\PSoC4/cyfitter_cfg.c ****     #define CYDATA
  62:Generated_Source\PSoC4/cyfitter_cfg.c **** #endif
  63:Generated_Source\PSoC4/cyfitter_cfg.c **** #ifndef CYFAR
  64:Generated_Source\PSoC4/cyfitter_cfg.c ****     #define CYFAR
  65:Generated_Source\PSoC4/cyfitter_cfg.c **** #endif
  66:Generated_Source\PSoC4/cyfitter_cfg.c **** #ifndef CYXDATA
  67:Generated_Source\PSoC4/cyfitter_cfg.c ****     #define CYXDATA
  68:Generated_Source\PSoC4/cyfitter_cfg.c **** #endif
  69:Generated_Source\PSoC4/cyfitter_cfg.c **** 
  70:Generated_Source\PSoC4/cyfitter_cfg.c **** 
  71:Generated_Source\PSoC4/cyfitter_cfg.c **** CY_CFG_UNUSED
  72:Generated_Source\PSoC4/cyfitter_cfg.c **** static void CYMEMZERO(void *s, size_t n);
  73:Generated_Source\PSoC4/cyfitter_cfg.c **** CY_CFG_UNUSED
  74:Generated_Source\PSoC4/cyfitter_cfg.c **** static void CYMEMZERO(void *s, size_t n)
  75:Generated_Source\PSoC4/cyfitter_cfg.c **** {
  27              		.loc 1 75 0
  28              		.cfi_startproc
  29              		@ args = 0, pretend = 0, frame = 8
  30              		@ frame_needed = 1, uses_anonymous_args = 0
  31 0000 80B5     		push	{r7, lr}
  32              		.cfi_def_cfa_offset 8
  33              		.cfi_offset 7, -8
  34              		.cfi_offset 14, -4
  35 0002 82B0     		sub	sp, sp, #8
  36              		.cfi_def_cfa_offset 16
  37 0004 00AF     		add	r7, sp, #0
  38              		.cfi_def_cfa_register 7
  39 0006 7860     		str	r0, [r7, #4]
ARM GAS  C:\Users\quint\AppData\Local\Temp\ccwFY46d.s 			page 3


  40 0008 3960     		str	r1, [r7]
  76:Generated_Source\PSoC4/cyfitter_cfg.c **** 	(void)memset(s, 0, n);
  41              		.loc 1 76 0
  42 000a 3A68     		ldr	r2, [r7]
  43 000c 7B68     		ldr	r3, [r7, #4]
  44 000e 0021     		movs	r1, #0
  45 0010 1800     		movs	r0, r3
  46 0012 FFF7FEFF 		bl	memset
  77:Generated_Source\PSoC4/cyfitter_cfg.c **** }
  47              		.loc 1 77 0
  48 0016 C046     		nop
  49 0018 BD46     		mov	sp, r7
  50 001a 02B0     		add	sp, sp, #8
  51              		@ sp needed
  52 001c 80BD     		pop	{r7, pc}
  53              		.cfi_endproc
  54              	.LFE0:
  55              		.size	CYMEMZERO, .-CYMEMZERO
  56 001e C046     		.section	.text.CYCONFIGCPY,"ax",%progbits
  57              		.align	2
  58              		.code	16
  59              		.thumb_func
  60              		.type	CYCONFIGCPY, %function
  61              	CYCONFIGCPY:
  62              	.LFB1:
  78:Generated_Source\PSoC4/cyfitter_cfg.c **** CY_CFG_UNUSED
  79:Generated_Source\PSoC4/cyfitter_cfg.c **** static void CYCONFIGCPY(void *dest, const void *src, size_t n);
  80:Generated_Source\PSoC4/cyfitter_cfg.c **** CY_CFG_UNUSED
  81:Generated_Source\PSoC4/cyfitter_cfg.c **** static void CYCONFIGCPY(void *dest, const void *src, size_t n)
  82:Generated_Source\PSoC4/cyfitter_cfg.c **** {
  63              		.loc 1 82 0
  64              		.cfi_startproc
  65              		@ args = 0, pretend = 0, frame = 16
  66              		@ frame_needed = 1, uses_anonymous_args = 0
  67 0000 80B5     		push	{r7, lr}
  68              		.cfi_def_cfa_offset 8
  69              		.cfi_offset 7, -8
  70              		.cfi_offset 14, -4
  71 0002 84B0     		sub	sp, sp, #16
  72              		.cfi_def_cfa_offset 24
  73 0004 00AF     		add	r7, sp, #0
  74              		.cfi_def_cfa_register 7
  75 0006 F860     		str	r0, [r7, #12]
  76 0008 B960     		str	r1, [r7, #8]
  77 000a 7A60     		str	r2, [r7, #4]
  83:Generated_Source\PSoC4/cyfitter_cfg.c **** 	(void)memcpy(dest, src, n);
  78              		.loc 1 83 0
  79 000c 7A68     		ldr	r2, [r7, #4]
  80 000e B968     		ldr	r1, [r7, #8]
  81 0010 FB68     		ldr	r3, [r7, #12]
  82 0012 1800     		movs	r0, r3
  83 0014 FFF7FEFF 		bl	memcpy
  84:Generated_Source\PSoC4/cyfitter_cfg.c **** }
  84              		.loc 1 84 0
  85 0018 C046     		nop
  86 001a BD46     		mov	sp, r7
  87 001c 04B0     		add	sp, sp, #16
ARM GAS  C:\Users\quint\AppData\Local\Temp\ccwFY46d.s 			page 4


  88              		@ sp needed
  89 001e 80BD     		pop	{r7, pc}
  90              		.cfi_endproc
  91              	.LFE1:
  92              		.size	CYCONFIGCPY, .-CYCONFIGCPY
  93              		.section	.text.CYCONFIGCPYCODE,"ax",%progbits
  94              		.align	2
  95              		.code	16
  96              		.thumb_func
  97              		.type	CYCONFIGCPYCODE, %function
  98              	CYCONFIGCPYCODE:
  99              	.LFB2:
  85:Generated_Source\PSoC4/cyfitter_cfg.c **** CY_CFG_UNUSED
  86:Generated_Source\PSoC4/cyfitter_cfg.c **** static void CYCONFIGCPYCODE(void *dest, const void *src, size_t n);
  87:Generated_Source\PSoC4/cyfitter_cfg.c **** CY_CFG_UNUSED
  88:Generated_Source\PSoC4/cyfitter_cfg.c **** static void CYCONFIGCPYCODE(void *dest, const void *src, size_t n)
  89:Generated_Source\PSoC4/cyfitter_cfg.c **** {
 100              		.loc 1 89 0
 101              		.cfi_startproc
 102              		@ args = 0, pretend = 0, frame = 16
 103              		@ frame_needed = 1, uses_anonymous_args = 0
 104 0000 80B5     		push	{r7, lr}
 105              		.cfi_def_cfa_offset 8
 106              		.cfi_offset 7, -8
 107              		.cfi_offset 14, -4
 108 0002 84B0     		sub	sp, sp, #16
 109              		.cfi_def_cfa_offset 24
 110 0004 00AF     		add	r7, sp, #0
 111              		.cfi_def_cfa_register 7
 112 0006 F860     		str	r0, [r7, #12]
 113 0008 B960     		str	r1, [r7, #8]
 114 000a 7A60     		str	r2, [r7, #4]
  90:Generated_Source\PSoC4/cyfitter_cfg.c **** 	(void)memcpy(dest, src, n);
 115              		.loc 1 90 0
 116 000c 7A68     		ldr	r2, [r7, #4]
 117 000e B968     		ldr	r1, [r7, #8]
 118 0010 FB68     		ldr	r3, [r7, #12]
 119 0012 1800     		movs	r0, r3
 120 0014 FFF7FEFF 		bl	memcpy
  91:Generated_Source\PSoC4/cyfitter_cfg.c **** }
 121              		.loc 1 91 0
 122 0018 C046     		nop
 123 001a BD46     		mov	sp, r7
 124 001c 04B0     		add	sp, sp, #16
 125              		@ sp needed
 126 001e 80BD     		pop	{r7, pc}
 127              		.cfi_endproc
 128              	.LFE2:
 129              		.size	CYCONFIGCPYCODE, .-CYCONFIGCPYCODE
 130              		.section	.text.cfg_write_bytes32,"ax",%progbits
 131              		.align	2
 132              		.code	16
 133              		.thumb_func
 134              		.type	cfg_write_bytes32, %function
 135              	cfg_write_bytes32:
 136              	.LFB3:
  92:Generated_Source\PSoC4/cyfitter_cfg.c **** 
ARM GAS  C:\Users\quint\AppData\Local\Temp\ccwFY46d.s 			page 5


  93:Generated_Source\PSoC4/cyfitter_cfg.c **** 
  94:Generated_Source\PSoC4/cyfitter_cfg.c **** 
  95:Generated_Source\PSoC4/cyfitter_cfg.c **** 
  96:Generated_Source\PSoC4/cyfitter_cfg.c **** /* Clock startup error codes                                                   */
  97:Generated_Source\PSoC4/cyfitter_cfg.c **** #define CYCLOCKSTART_NO_ERROR    0u
  98:Generated_Source\PSoC4/cyfitter_cfg.c **** #define CYCLOCKSTART_XTAL_ERROR  1u
  99:Generated_Source\PSoC4/cyfitter_cfg.c **** #define CYCLOCKSTART_32KHZ_ERROR 2u
 100:Generated_Source\PSoC4/cyfitter_cfg.c **** #define CYCLOCKSTART_PLL_ERROR   3u
 101:Generated_Source\PSoC4/cyfitter_cfg.c **** #define CYCLOCKSTART_FLL_ERROR   4u
 102:Generated_Source\PSoC4/cyfitter_cfg.c **** #define CYCLOCKSTART_WCO_ERROR   5u
 103:Generated_Source\PSoC4/cyfitter_cfg.c **** 
 104:Generated_Source\PSoC4/cyfitter_cfg.c **** 
 105:Generated_Source\PSoC4/cyfitter_cfg.c **** #ifdef CY_NEED_CYCLOCKSTARTUPERROR
 106:Generated_Source\PSoC4/cyfitter_cfg.c **** /*******************************************************************************
 107:Generated_Source\PSoC4/cyfitter_cfg.c **** * Function Name: CyClockStartupError
 108:Generated_Source\PSoC4/cyfitter_cfg.c **** ********************************************************************************
 109:Generated_Source\PSoC4/cyfitter_cfg.c **** * Summary:
 110:Generated_Source\PSoC4/cyfitter_cfg.c **** *  If an error is encountered during clock configuration (crystal startup error,
 111:Generated_Source\PSoC4/cyfitter_cfg.c **** *  PLL lock error, etc.), the system will end up here.  Unless reimplemented by
 112:Generated_Source\PSoC4/cyfitter_cfg.c **** *  the customer, this function will stop in an infinite loop.
 113:Generated_Source\PSoC4/cyfitter_cfg.c **** *
 114:Generated_Source\PSoC4/cyfitter_cfg.c **** * Parameters:
 115:Generated_Source\PSoC4/cyfitter_cfg.c **** *   void
 116:Generated_Source\PSoC4/cyfitter_cfg.c **** *
 117:Generated_Source\PSoC4/cyfitter_cfg.c **** * Return:
 118:Generated_Source\PSoC4/cyfitter_cfg.c **** *   void
 119:Generated_Source\PSoC4/cyfitter_cfg.c **** *
 120:Generated_Source\PSoC4/cyfitter_cfg.c **** *******************************************************************************/
 121:Generated_Source\PSoC4/cyfitter_cfg.c **** CY_CFG_UNUSED
 122:Generated_Source\PSoC4/cyfitter_cfg.c **** static void CyClockStartupError(uint8 errorCode);
 123:Generated_Source\PSoC4/cyfitter_cfg.c **** CY_CFG_UNUSED
 124:Generated_Source\PSoC4/cyfitter_cfg.c **** static void CyClockStartupError(uint8 errorCode)
 125:Generated_Source\PSoC4/cyfitter_cfg.c **** {
 126:Generated_Source\PSoC4/cyfitter_cfg.c ****     /* To remove the compiler warning if errorCode not used.                */
 127:Generated_Source\PSoC4/cyfitter_cfg.c ****     errorCode = errorCode;
 128:Generated_Source\PSoC4/cyfitter_cfg.c **** 
 129:Generated_Source\PSoC4/cyfitter_cfg.c ****     /* If we have a clock startup error (bad MHz crystal, PLL lock, etc.),  */
 130:Generated_Source\PSoC4/cyfitter_cfg.c ****     /* we will end up here to allow the customer to implement something to  */
 131:Generated_Source\PSoC4/cyfitter_cfg.c ****     /* deal with the clock condition.                                       */
 132:Generated_Source\PSoC4/cyfitter_cfg.c **** 
 133:Generated_Source\PSoC4/cyfitter_cfg.c **** #ifdef CY_CFG_CLOCK_STARTUP_ERROR_CALLBACK
 134:Generated_Source\PSoC4/cyfitter_cfg.c ****     CY_CFG_Clock_Startup_ErrorCallback();
 135:Generated_Source\PSoC4/cyfitter_cfg.c **** #else
 136:Generated_Source\PSoC4/cyfitter_cfg.c ****     /*  If not using CY_CFG_CLOCK_STARTUP_ERROR_CALLBACK, place your clock startup code here. */
 137:Generated_Source\PSoC4/cyfitter_cfg.c ****     /* `#START CyClockStartupError` */
 138:Generated_Source\PSoC4/cyfitter_cfg.c **** 
 139:Generated_Source\PSoC4/cyfitter_cfg.c ****     /* If we have a clock startup error (bad MHz crystal, PLL lock, etc.),  */
 140:Generated_Source\PSoC4/cyfitter_cfg.c ****     /* we will end up here to allow the customer to implement something to  */
 141:Generated_Source\PSoC4/cyfitter_cfg.c ****     /* deal with the clock condition.                                       */
 142:Generated_Source\PSoC4/cyfitter_cfg.c **** 
 143:Generated_Source\PSoC4/cyfitter_cfg.c ****     /* `#END` */
 144:Generated_Source\PSoC4/cyfitter_cfg.c **** 
 145:Generated_Source\PSoC4/cyfitter_cfg.c ****     while(1) {}
 146:Generated_Source\PSoC4/cyfitter_cfg.c **** #endif /* CY_CFG_CLOCK_STARTUP_ERROR_CALLBACK */
 147:Generated_Source\PSoC4/cyfitter_cfg.c **** }
 148:Generated_Source\PSoC4/cyfitter_cfg.c **** #endif
 149:Generated_Source\PSoC4/cyfitter_cfg.c **** 
ARM GAS  C:\Users\quint\AppData\Local\Temp\ccwFY46d.s 			page 6


 150:Generated_Source\PSoC4/cyfitter_cfg.c **** #define CY_CFG_BASE_ADDR_COUNT 2u
 151:Generated_Source\PSoC4/cyfitter_cfg.c **** CYPACKED typedef struct
 152:Generated_Source\PSoC4/cyfitter_cfg.c **** {
 153:Generated_Source\PSoC4/cyfitter_cfg.c **** 	uint8 offset;
 154:Generated_Source\PSoC4/cyfitter_cfg.c **** 	uint8 value;
 155:Generated_Source\PSoC4/cyfitter_cfg.c **** } CYPACKED_ATTR cy_cfg_addrvalue_t;
 156:Generated_Source\PSoC4/cyfitter_cfg.c **** 
 157:Generated_Source\PSoC4/cyfitter_cfg.c **** 
 158:Generated_Source\PSoC4/cyfitter_cfg.c **** 
 159:Generated_Source\PSoC4/cyfitter_cfg.c **** /*******************************************************************************
 160:Generated_Source\PSoC4/cyfitter_cfg.c **** * Function Name: cfg_write_bytes32
 161:Generated_Source\PSoC4/cyfitter_cfg.c **** ********************************************************************************
 162:Generated_Source\PSoC4/cyfitter_cfg.c **** * Summary:
 163:Generated_Source\PSoC4/cyfitter_cfg.c **** *  This function is used for setting up the chip configuration areas that
 164:Generated_Source\PSoC4/cyfitter_cfg.c **** *  contain relatively sparse data.
 165:Generated_Source\PSoC4/cyfitter_cfg.c **** *
 166:Generated_Source\PSoC4/cyfitter_cfg.c **** * Parameters:
 167:Generated_Source\PSoC4/cyfitter_cfg.c **** *   void
 168:Generated_Source\PSoC4/cyfitter_cfg.c **** *
 169:Generated_Source\PSoC4/cyfitter_cfg.c **** * Return:
 170:Generated_Source\PSoC4/cyfitter_cfg.c **** *   void
 171:Generated_Source\PSoC4/cyfitter_cfg.c **** *
 172:Generated_Source\PSoC4/cyfitter_cfg.c **** *******************************************************************************/
 173:Generated_Source\PSoC4/cyfitter_cfg.c **** static void cfg_write_bytes32(const uint32 addr_table[], const cy_cfg_addrvalue_t data_table[]);
 174:Generated_Source\PSoC4/cyfitter_cfg.c **** static void cfg_write_bytes32(const uint32 addr_table[], const cy_cfg_addrvalue_t data_table[])
 175:Generated_Source\PSoC4/cyfitter_cfg.c **** {
 137              		.loc 1 175 0
 138              		.cfi_startproc
 139              		@ args = 0, pretend = 0, frame = 24
 140              		@ frame_needed = 1, uses_anonymous_args = 0
 141 0000 80B5     		push	{r7, lr}
 142              		.cfi_def_cfa_offset 8
 143              		.cfi_offset 7, -8
 144              		.cfi_offset 14, -4
 145 0002 86B0     		sub	sp, sp, #24
 146              		.cfi_def_cfa_offset 32
 147 0004 00AF     		add	r7, sp, #0
 148              		.cfi_def_cfa_register 7
 149 0006 7860     		str	r0, [r7, #4]
 150 0008 3960     		str	r1, [r7]
 176:Generated_Source\PSoC4/cyfitter_cfg.c **** 	/* For 32-bit little-endian architectures */
 177:Generated_Source\PSoC4/cyfitter_cfg.c **** 	uint32 i, j = 0u;
 151              		.loc 1 177 0
 152 000a 0023     		movs	r3, #0
 153 000c 3B61     		str	r3, [r7, #16]
 178:Generated_Source\PSoC4/cyfitter_cfg.c **** 	for (i = 0u; i < CY_CFG_BASE_ADDR_COUNT; i++)
 154              		.loc 1 178 0
 155 000e 0023     		movs	r3, #0
 156 0010 7B61     		str	r3, [r7, #20]
 157 0012 2FE0     		b	.L5
 158              	.L8:
 159              	.LBB2:
 179:Generated_Source\PSoC4/cyfitter_cfg.c **** 	{
 180:Generated_Source\PSoC4/cyfitter_cfg.c **** 		uint32 baseAddr = addr_table[i];
 160              		.loc 1 180 0
 161 0014 7B69     		ldr	r3, [r7, #20]
 162 0016 9B00     		lsls	r3, r3, #2
ARM GAS  C:\Users\quint\AppData\Local\Temp\ccwFY46d.s 			page 7


 163 0018 7A68     		ldr	r2, [r7, #4]
 164 001a D318     		adds	r3, r2, r3
 165 001c 1B68     		ldr	r3, [r3]
 166 001e BB60     		str	r3, [r7, #8]
 181:Generated_Source\PSoC4/cyfitter_cfg.c **** 		uint8 count = (uint8)baseAddr;
 167              		.loc 1 181 0
 168 0020 0F23     		movs	r3, #15
 169 0022 FB18     		adds	r3, r7, r3
 170 0024 BA68     		ldr	r2, [r7, #8]
 171 0026 1A70     		strb	r2, [r3]
 182:Generated_Source\PSoC4/cyfitter_cfg.c **** 		baseAddr &= 0xFFFFFF00u;
 172              		.loc 1 182 0
 173 0028 BB68     		ldr	r3, [r7, #8]
 174 002a FF22     		movs	r2, #255
 175 002c 9343     		bics	r3, r2
 176 002e BB60     		str	r3, [r7, #8]
 183:Generated_Source\PSoC4/cyfitter_cfg.c **** 		while (count != 0u)
 177              		.loc 1 183 0
 178 0030 18E0     		b	.L6
 179              	.L7:
 184:Generated_Source\PSoC4/cyfitter_cfg.c **** 		{
 185:Generated_Source\PSoC4/cyfitter_cfg.c **** 			CY_SET_REG8((void *)(baseAddr + data_table[j].offset), data_table[j].value);
 180              		.loc 1 185 0
 181 0032 3B69     		ldr	r3, [r7, #16]
 182 0034 5B00     		lsls	r3, r3, #1
 183 0036 3A68     		ldr	r2, [r7]
 184 0038 D318     		adds	r3, r2, r3
 185 003a 1B78     		ldrb	r3, [r3]
 186 003c 1A00     		movs	r2, r3
 187 003e BB68     		ldr	r3, [r7, #8]
 188 0040 D318     		adds	r3, r2, r3
 189 0042 1900     		movs	r1, r3
 190 0044 3B69     		ldr	r3, [r7, #16]
 191 0046 5B00     		lsls	r3, r3, #1
 192 0048 3A68     		ldr	r2, [r7]
 193 004a D318     		adds	r3, r2, r3
 194 004c 5B78     		ldrb	r3, [r3, #1]
 195 004e 0B70     		strb	r3, [r1]
 186:Generated_Source\PSoC4/cyfitter_cfg.c **** 			j++;
 196              		.loc 1 186 0
 197 0050 3B69     		ldr	r3, [r7, #16]
 198 0052 0133     		adds	r3, r3, #1
 199 0054 3B61     		str	r3, [r7, #16]
 187:Generated_Source\PSoC4/cyfitter_cfg.c **** 			count--;
 200              		.loc 1 187 0
 201 0056 0F23     		movs	r3, #15
 202 0058 FB18     		adds	r3, r7, r3
 203 005a 1A78     		ldrb	r2, [r3]
 204 005c 0F23     		movs	r3, #15
 205 005e FB18     		adds	r3, r7, r3
 206 0060 013A     		subs	r2, r2, #1
 207 0062 1A70     		strb	r2, [r3]
 208              	.L6:
 183:Generated_Source\PSoC4/cyfitter_cfg.c **** 		{
 209              		.loc 1 183 0
 210 0064 0F23     		movs	r3, #15
 211 0066 FB18     		adds	r3, r7, r3
ARM GAS  C:\Users\quint\AppData\Local\Temp\ccwFY46d.s 			page 8


 212 0068 1B78     		ldrb	r3, [r3]
 213 006a 002B     		cmp	r3, #0
 214 006c E1D1     		bne	.L7
 215              	.LBE2:
 178:Generated_Source\PSoC4/cyfitter_cfg.c **** 	{
 216              		.loc 1 178 0 discriminator 2
 217 006e 7B69     		ldr	r3, [r7, #20]
 218 0070 0133     		adds	r3, r3, #1
 219 0072 7B61     		str	r3, [r7, #20]
 220              	.L5:
 178:Generated_Source\PSoC4/cyfitter_cfg.c **** 	{
 221              		.loc 1 178 0 is_stmt 0 discriminator 1
 222 0074 7B69     		ldr	r3, [r7, #20]
 223 0076 012B     		cmp	r3, #1
 224 0078 CCD9     		bls	.L8
 188:Generated_Source\PSoC4/cyfitter_cfg.c **** 		}
 189:Generated_Source\PSoC4/cyfitter_cfg.c **** 	}
 190:Generated_Source\PSoC4/cyfitter_cfg.c **** }
 225              		.loc 1 190 0 is_stmt 1
 226 007a C046     		nop
 227 007c BD46     		mov	sp, r7
 228 007e 06B0     		add	sp, sp, #24
 229              		@ sp needed
 230 0080 80BD     		pop	{r7, pc}
 231              		.cfi_endproc
 232              	.LFE3:
 233              		.size	cfg_write_bytes32, .-cfg_write_bytes32
 234 0082 C046     		.section	.psocinit,"ax",%progbits
 235              		.align	2
 236              		.code	16
 237              		.thumb_func
 238              		.type	ClockSetup, %function
 239              	ClockSetup:
 240              	.LFB4:
 191:Generated_Source\PSoC4/cyfitter_cfg.c **** 
 192:Generated_Source\PSoC4/cyfitter_cfg.c **** 
 193:Generated_Source\PSoC4/cyfitter_cfg.c **** /*******************************************************************************
 194:Generated_Source\PSoC4/cyfitter_cfg.c **** * Function Name: ClockSetup
 195:Generated_Source\PSoC4/cyfitter_cfg.c **** ********************************************************************************
 196:Generated_Source\PSoC4/cyfitter_cfg.c **** *
 197:Generated_Source\PSoC4/cyfitter_cfg.c **** * Summary:
 198:Generated_Source\PSoC4/cyfitter_cfg.c **** *   Performs the initialization of all of the clocks in the device based on the
 199:Generated_Source\PSoC4/cyfitter_cfg.c **** *   settings in the Clock tab of the DWR.  This includes enabling the requested
 200:Generated_Source\PSoC4/cyfitter_cfg.c **** *   clocks and setting the necessary dividers to produce the desired frequency. 
 201:Generated_Source\PSoC4/cyfitter_cfg.c **** *
 202:Generated_Source\PSoC4/cyfitter_cfg.c **** * Parameters:
 203:Generated_Source\PSoC4/cyfitter_cfg.c **** *   void
 204:Generated_Source\PSoC4/cyfitter_cfg.c **** *
 205:Generated_Source\PSoC4/cyfitter_cfg.c **** * Return:
 206:Generated_Source\PSoC4/cyfitter_cfg.c **** *   void
 207:Generated_Source\PSoC4/cyfitter_cfg.c **** *
 208:Generated_Source\PSoC4/cyfitter_cfg.c **** *******************************************************************************/
 209:Generated_Source\PSoC4/cyfitter_cfg.c **** static void ClockSetup(void);
 210:Generated_Source\PSoC4/cyfitter_cfg.c **** CY_CFG_SECTION
 211:Generated_Source\PSoC4/cyfitter_cfg.c **** static void ClockSetup(void)
 212:Generated_Source\PSoC4/cyfitter_cfg.c **** {
 241              		.loc 1 212 0
ARM GAS  C:\Users\quint\AppData\Local\Temp\ccwFY46d.s 			page 9


 242              		.cfi_startproc
 243              		@ args = 0, pretend = 0, frame = 0
 244              		@ frame_needed = 1, uses_anonymous_args = 0
 245 0000 80B5     		push	{r7, lr}
 246              		.cfi_def_cfa_offset 8
 247              		.cfi_offset 7, -8
 248              		.cfi_offset 14, -4
 249 0002 00AF     		add	r7, sp, #0
 250              		.cfi_def_cfa_register 7
 213:Generated_Source\PSoC4/cyfitter_cfg.c **** 	/* Enable HALF_EN before trimming for the flash accelerator. */
 214:Generated_Source\PSoC4/cyfitter_cfg.c **** 	CY_SET_REG32((void CYXDATA *)(CYREG_CLK_SELECT), (CY_GET_REG32((void *)CYREG_CLK_SELECT) | 0x00040
 251              		.loc 1 214 0
 252 0004 154B     		ldr	r3, .L10
 253 0006 154A     		ldr	r2, .L10
 254 0008 1268     		ldr	r2, [r2]
 255 000a 8021     		movs	r1, #128
 256 000c C902     		lsls	r1, r1, #11
 257 000e 0A43     		orrs	r2, r1
 258 0010 1A60     		str	r2, [r3]
 215:Generated_Source\PSoC4/cyfitter_cfg.c **** 
 216:Generated_Source\PSoC4/cyfitter_cfg.c **** 	/* Setup and trim IMO based on desired frequency. */
 217:Generated_Source\PSoC4/cyfitter_cfg.c **** 	CySysClkWriteImoFreq(12u);
 259              		.loc 1 217 0
 260 0012 0C20     		movs	r0, #12
 261 0014 FFF7FEFF 		bl	CySysClkWriteImoFreq
 218:Generated_Source\PSoC4/cyfitter_cfg.c **** 
 219:Generated_Source\PSoC4/cyfitter_cfg.c **** 	/* Disable HALF_EN since it is not required at this IMO frequency. */
 220:Generated_Source\PSoC4/cyfitter_cfg.c **** 	CY_SET_REG32((void CYXDATA *)(CYREG_CLK_SELECT), (CY_GET_REG32((void *)CYREG_CLK_SELECT) & 0xFFFBF
 262              		.loc 1 220 0
 263 0018 104B     		ldr	r3, .L10
 264 001a 104A     		ldr	r2, .L10
 265 001c 1268     		ldr	r2, [r2]
 266 001e 1049     		ldr	r1, .L10+4
 267 0020 0A40     		ands	r2, r1
 268 0022 1A60     		str	r2, [r3]
 221:Generated_Source\PSoC4/cyfitter_cfg.c **** 	/* CYDEV_CLK_ILO_CONFIG Starting address: CYDEV_CLK_ILO_CONFIG */
 222:Generated_Source\PSoC4/cyfitter_cfg.c **** 	CY_SET_REG32((void *)(CYREG_CLK_ILO_CONFIG), 0x80000006u);
 269              		.loc 1 222 0
 270 0024 0F4B     		ldr	r3, .L10+8
 271 0026 104A     		ldr	r2, .L10+12
 272 0028 1A60     		str	r2, [r3]
 223:Generated_Source\PSoC4/cyfitter_cfg.c **** 
 224:Generated_Source\PSoC4/cyfitter_cfg.c **** 
 225:Generated_Source\PSoC4/cyfitter_cfg.c **** 	/* CYDEV_CLK_SELECT00 Starting address: CYDEV_CLK_SELECT00 */
 226:Generated_Source\PSoC4/cyfitter_cfg.c **** 	CY_SET_REG32((void *)(CYREG_CLK_SELECT02), 0x00000010u);
 273              		.loc 1 226 0
 274 002a 104B     		ldr	r3, .L10+16
 275 002c 1022     		movs	r2, #16
 276 002e 1A60     		str	r2, [r3]
 227:Generated_Source\PSoC4/cyfitter_cfg.c **** 	CY_SET_REG32((void *)(CYREG_CLK_SELECT08), 0x00000020u);
 277              		.loc 1 227 0
 278 0030 0F4B     		ldr	r3, .L10+20
 279 0032 2022     		movs	r2, #32
 280 0034 1A60     		str	r2, [r3]
 228:Generated_Source\PSoC4/cyfitter_cfg.c **** 
 229:Generated_Source\PSoC4/cyfitter_cfg.c **** 	/* CYDEV_CLK_IMO_CONFIG Starting address: CYDEV_CLK_IMO_CONFIG */
 230:Generated_Source\PSoC4/cyfitter_cfg.c **** 	CY_SET_REG32((void *)(CYREG_CLK_IMO_CONFIG), 0x80000000u);
ARM GAS  C:\Users\quint\AppData\Local\Temp\ccwFY46d.s 			page 10


 281              		.loc 1 230 0
 282 0036 0F4B     		ldr	r3, .L10+24
 283 0038 8022     		movs	r2, #128
 284 003a 1206     		lsls	r2, r2, #24
 285 003c 1A60     		str	r2, [r3]
 231:Generated_Source\PSoC4/cyfitter_cfg.c **** 
 232:Generated_Source\PSoC4/cyfitter_cfg.c **** 	/* CYDEV_CLK_SELECT Starting address: CYDEV_CLK_SELECT */
 233:Generated_Source\PSoC4/cyfitter_cfg.c **** 	CY_SET_REG32((void *)(CYREG_CLK_SELECT), 0x00000000u);
 286              		.loc 1 233 0
 287 003e 074B     		ldr	r3, .L10
 288 0040 0022     		movs	r2, #0
 289 0042 1A60     		str	r2, [r3]
 234:Generated_Source\PSoC4/cyfitter_cfg.c **** 
 235:Generated_Source\PSoC4/cyfitter_cfg.c **** 	/* CYDEV_CLK_DIVIDER_A00 Starting address: CYDEV_CLK_DIVIDER_A00 */
 236:Generated_Source\PSoC4/cyfitter_cfg.c **** 	CY_SET_REG32((void *)(CYREG_CLK_DIVIDER_A00), 0x80000008u);
 290              		.loc 1 236 0
 291 0044 0C4B     		ldr	r3, .L10+28
 292 0046 0D4A     		ldr	r2, .L10+32
 293 0048 1A60     		str	r2, [r3]
 237:Generated_Source\PSoC4/cyfitter_cfg.c **** 
 238:Generated_Source\PSoC4/cyfitter_cfg.c **** 	/* CYDEV_CLK_DIVIDER_B00 Starting address: CYDEV_CLK_DIVIDER_B00 */
 239:Generated_Source\PSoC4/cyfitter_cfg.c **** 	CY_SET_REG32((void *)(CYREG_CLK_DIVIDER_B00), 0x8000000Bu);
 294              		.loc 1 239 0
 295 004a 0D4B     		ldr	r3, .L10+36
 296 004c 0D4A     		ldr	r2, .L10+40
 297 004e 1A60     		str	r2, [r3]
 240:Generated_Source\PSoC4/cyfitter_cfg.c **** 
 241:Generated_Source\PSoC4/cyfitter_cfg.c **** 	CY_SET_REG32((void *)(CYREG_WDT_CONFIG), 0x00000000u);
 298              		.loc 1 241 0
 299 0050 0D4B     		ldr	r3, .L10+44
 300 0052 0022     		movs	r2, #0
 301 0054 1A60     		str	r2, [r3]
 242:Generated_Source\PSoC4/cyfitter_cfg.c **** }
 302              		.loc 1 242 0
 303 0056 C046     		nop
 304 0058 BD46     		mov	sp, r7
 305              		@ sp needed
 306 005a 80BD     		pop	{r7, pc}
 307              	.L11:
 308              		.align	2
 309              	.L10:
 310 005c 00010B40 		.word	1074462976
 311 0060 FFFFFBFF 		.word	-262145
 312 0064 04010B40 		.word	1074462980
 313 0068 06000080 		.word	-2147483642
 314 006c 08020240 		.word	1073873416
 315 0070 20020240 		.word	1073873440
 316 0074 08010B40 		.word	1074462984
 317 0078 00000240 		.word	1073872896
 318 007c 08000080 		.word	-2147483640
 319 0080 40000240 		.word	1073872960
 320 0084 0B000080 		.word	-2147483637
 321 0088 0C020B40 		.word	1074463244
 322              		.cfi_endproc
 323              	.LFE4:
 324              		.size	ClockSetup, .-ClockSetup
 325              		.section	.text.AnalogSetDefault,"ax",%progbits
ARM GAS  C:\Users\quint\AppData\Local\Temp\ccwFY46d.s 			page 11


 326              		.align	2
 327              		.code	16
 328              		.thumb_func
 329              		.type	AnalogSetDefault, %function
 330              	AnalogSetDefault:
 331              	.LFB5:
 243:Generated_Source\PSoC4/cyfitter_cfg.c **** 
 244:Generated_Source\PSoC4/cyfitter_cfg.c **** 
 245:Generated_Source\PSoC4/cyfitter_cfg.c **** /* Analog API Functions */
 246:Generated_Source\PSoC4/cyfitter_cfg.c **** 
 247:Generated_Source\PSoC4/cyfitter_cfg.c **** 
 248:Generated_Source\PSoC4/cyfitter_cfg.c **** /*******************************************************************************
 249:Generated_Source\PSoC4/cyfitter_cfg.c **** * Function Name: AnalogSetDefault
 250:Generated_Source\PSoC4/cyfitter_cfg.c **** ********************************************************************************
 251:Generated_Source\PSoC4/cyfitter_cfg.c **** *
 252:Generated_Source\PSoC4/cyfitter_cfg.c **** * Summary:
 253:Generated_Source\PSoC4/cyfitter_cfg.c **** *  Sets up the analog portions of the chip to default values based on chip
 254:Generated_Source\PSoC4/cyfitter_cfg.c **** *  configuration options from the project.
 255:Generated_Source\PSoC4/cyfitter_cfg.c **** *
 256:Generated_Source\PSoC4/cyfitter_cfg.c **** * Parameters:
 257:Generated_Source\PSoC4/cyfitter_cfg.c **** *  void
 258:Generated_Source\PSoC4/cyfitter_cfg.c **** *
 259:Generated_Source\PSoC4/cyfitter_cfg.c **** * Return:
 260:Generated_Source\PSoC4/cyfitter_cfg.c **** *  void
 261:Generated_Source\PSoC4/cyfitter_cfg.c **** *
 262:Generated_Source\PSoC4/cyfitter_cfg.c **** *******************************************************************************/
 263:Generated_Source\PSoC4/cyfitter_cfg.c **** static void AnalogSetDefault(void);
 264:Generated_Source\PSoC4/cyfitter_cfg.c **** static void AnalogSetDefault(void)
 265:Generated_Source\PSoC4/cyfitter_cfg.c **** {
 332              		.loc 1 265 0
 333              		.cfi_startproc
 334              		@ args = 0, pretend = 0, frame = 0
 335              		@ frame_needed = 1, uses_anonymous_args = 0
 336 0000 80B5     		push	{r7, lr}
 337              		.cfi_def_cfa_offset 8
 338              		.cfi_offset 7, -8
 339              		.cfi_offset 14, -4
 340 0002 00AF     		add	r7, sp, #0
 341              		.cfi_def_cfa_register 7
 266:Generated_Source\PSoC4/cyfitter_cfg.c **** }
 342              		.loc 1 266 0
 343 0004 C046     		nop
 344 0006 BD46     		mov	sp, r7
 345              		@ sp needed
 346 0008 80BD     		pop	{r7, pc}
 347              		.cfi_endproc
 348              	.LFE5:
 349              		.size	AnalogSetDefault, .-AnalogSetDefault
 350 000a C046     		.section	.psocinit
 351              		.align	2
 352              		.global	cyfitter_cfg
 353              		.code	16
 354              		.thumb_func
 355              		.type	cyfitter_cfg, %function
 356              	cyfitter_cfg:
 357              	.LFB6:
 267:Generated_Source\PSoC4/cyfitter_cfg.c **** 
ARM GAS  C:\Users\quint\AppData\Local\Temp\ccwFY46d.s 			page 12


 268:Generated_Source\PSoC4/cyfitter_cfg.c **** 
 269:Generated_Source\PSoC4/cyfitter_cfg.c **** 
 270:Generated_Source\PSoC4/cyfitter_cfg.c **** 
 271:Generated_Source\PSoC4/cyfitter_cfg.c **** /*******************************************************************************
 272:Generated_Source\PSoC4/cyfitter_cfg.c **** * Function Name: cyfitter_cfg
 273:Generated_Source\PSoC4/cyfitter_cfg.c **** ********************************************************************************
 274:Generated_Source\PSoC4/cyfitter_cfg.c **** * Summary:
 275:Generated_Source\PSoC4/cyfitter_cfg.c **** *  This function is called by the start-up code for the selected device. It
 276:Generated_Source\PSoC4/cyfitter_cfg.c **** *  performs all of the necessary device configuration based on the design
 277:Generated_Source\PSoC4/cyfitter_cfg.c **** *  settings.  This includes settings from the Design Wide Resources (DWR) such
 278:Generated_Source\PSoC4/cyfitter_cfg.c **** *  as Clocks and Pins as well as any component configuration that is necessary.
 279:Generated_Source\PSoC4/cyfitter_cfg.c **** *
 280:Generated_Source\PSoC4/cyfitter_cfg.c **** * Parameters:
 281:Generated_Source\PSoC4/cyfitter_cfg.c **** *   void
 282:Generated_Source\PSoC4/cyfitter_cfg.c **** *
 283:Generated_Source\PSoC4/cyfitter_cfg.c **** * Return:
 284:Generated_Source\PSoC4/cyfitter_cfg.c **** *   void
 285:Generated_Source\PSoC4/cyfitter_cfg.c **** *
 286:Generated_Source\PSoC4/cyfitter_cfg.c **** *******************************************************************************/
 287:Generated_Source\PSoC4/cyfitter_cfg.c **** CY_CFG_SECTION
 288:Generated_Source\PSoC4/cyfitter_cfg.c **** void cyfitter_cfg(void)
 289:Generated_Source\PSoC4/cyfitter_cfg.c **** {
 358              		.loc 1 289 0
 359              		.cfi_startproc
 360              		@ args = 0, pretend = 0, frame = 8
 361              		@ frame_needed = 1, uses_anonymous_args = 0
 362 008c 80B5     		push	{r7, lr}
 363              		.cfi_def_cfa_offset 8
 364              		.cfi_offset 7, -8
 365              		.cfi_offset 14, -4
 366 008e 82B0     		sub	sp, sp, #8
 367              		.cfi_def_cfa_offset 16
 368 0090 00AF     		add	r7, sp, #0
 369              		.cfi_def_cfa_register 7
 290:Generated_Source\PSoC4/cyfitter_cfg.c **** 	/* Disable interrupts by default. Let user enable if/when they want. */
 291:Generated_Source\PSoC4/cyfitter_cfg.c **** 	CyGlobalIntDisable;
 370              		.loc 1 291 0
 371              		.syntax divided
 372              	@ 291 "Generated_Source\PSoC4\cyfitter_cfg.c" 1
 373 0092 72B6     		CPSID   i
 374              	@ 0 "" 2
 375              		.thumb
 376              		.syntax unified
 377              	.LBB3:
 292:Generated_Source\PSoC4/cyfitter_cfg.c **** 
 293:Generated_Source\PSoC4/cyfitter_cfg.c **** 	{
 294:Generated_Source\PSoC4/cyfitter_cfg.c **** 		static const uint32 CYCODE cy_cfg_addr_table[] = {
 295:Generated_Source\PSoC4/cyfitter_cfg.c **** 			0x400F4104u, /* Base address: 0x400F4100 Count: 4 */
 296:Generated_Source\PSoC4/cyfitter_cfg.c **** 			0x400F6002u, /* Base address: 0x400F6000 Count: 2 */
 297:Generated_Source\PSoC4/cyfitter_cfg.c **** 		};
 298:Generated_Source\PSoC4/cyfitter_cfg.c **** 
 299:Generated_Source\PSoC4/cyfitter_cfg.c **** 		static const cy_cfg_addrvalue_t CYCODE cy_cfg_data_table[] = {
 300:Generated_Source\PSoC4/cyfitter_cfg.c **** 			{0x02u, 0x04u},
 301:Generated_Source\PSoC4/cyfitter_cfg.c **** 			{0x46u, 0x04u},
 302:Generated_Source\PSoC4/cyfitter_cfg.c **** 			{0xC0u, 0x40u},
 303:Generated_Source\PSoC4/cyfitter_cfg.c **** 			{0xD0u, 0x20u},
 304:Generated_Source\PSoC4/cyfitter_cfg.c **** 			{0x02u, 0x01u},
ARM GAS  C:\Users\quint\AppData\Local\Temp\ccwFY46d.s 			page 13


 305:Generated_Source\PSoC4/cyfitter_cfg.c **** 			{0x11u, 0x01u},
 306:Generated_Source\PSoC4/cyfitter_cfg.c **** 		};
 307:Generated_Source\PSoC4/cyfitter_cfg.c **** 
 308:Generated_Source\PSoC4/cyfitter_cfg.c **** 
 309:Generated_Source\PSoC4/cyfitter_cfg.c **** 
 310:Generated_Source\PSoC4/cyfitter_cfg.c **** 		CYPACKED typedef struct {
 311:Generated_Source\PSoC4/cyfitter_cfg.c **** 			void CYFAR *address;
 312:Generated_Source\PSoC4/cyfitter_cfg.c **** 			uint16 size;
 313:Generated_Source\PSoC4/cyfitter_cfg.c **** 		} CYPACKED_ATTR cfg_memset_t;
 314:Generated_Source\PSoC4/cyfitter_cfg.c **** 
 315:Generated_Source\PSoC4/cyfitter_cfg.c **** 		static const cfg_memset_t CYCODE cfg_memset_list[] = {
 316:Generated_Source\PSoC4/cyfitter_cfg.c **** 			/* address, size */
 317:Generated_Source\PSoC4/cyfitter_cfg.c **** 			{(void CYFAR *)(CYDEV_UDB_P0_U0_BASE), 1024u},
 318:Generated_Source\PSoC4/cyfitter_cfg.c **** 			{(void CYFAR *)(CYDEV_UDB_DSI0_BASE), 1024u},
 319:Generated_Source\PSoC4/cyfitter_cfg.c **** 		};
 320:Generated_Source\PSoC4/cyfitter_cfg.c **** 
 321:Generated_Source\PSoC4/cyfitter_cfg.c **** 		uint8 CYDATA i;
 322:Generated_Source\PSoC4/cyfitter_cfg.c **** 
 323:Generated_Source\PSoC4/cyfitter_cfg.c **** 		/* Zero out critical memory blocks before beginning configuration */
 324:Generated_Source\PSoC4/cyfitter_cfg.c **** 		for (i = 0u; i < (sizeof(cfg_memset_list)/sizeof(cfg_memset_list[0])); i++)
 378              		.loc 1 324 0
 379 0094 FB1D     		adds	r3, r7, #7
 380 0096 0022     		movs	r2, #0
 381 0098 1A70     		strb	r2, [r3]
 382 009a 22E0     		b	.L14
 383              	.L15:
 384              	.LBB4:
 325:Generated_Source\PSoC4/cyfitter_cfg.c **** 		{
 326:Generated_Source\PSoC4/cyfitter_cfg.c **** 			const cfg_memset_t CYCODE * CYDATA ms = &cfg_memset_list[i];
 385              		.loc 1 326 0 discriminator 3
 386 009c FB1D     		adds	r3, r7, #7
 387 009e 1A78     		ldrb	r2, [r3]
 388 00a0 1300     		movs	r3, r2
 389 00a2 5B00     		lsls	r3, r3, #1
 390 00a4 9B18     		adds	r3, r3, r2
 391 00a6 5B00     		lsls	r3, r3, #1
 392 00a8 2D4A     		ldr	r2, .L16
 393 00aa 9B18     		adds	r3, r3, r2
 394 00ac 3B60     		str	r3, [r7]
 327:Generated_Source\PSoC4/cyfitter_cfg.c **** 			CYMEMZERO(ms->address, (size_t)(uint32)(ms->size));
 395              		.loc 1 327 0 discriminator 3
 396 00ae 3B68     		ldr	r3, [r7]
 397 00b0 1A78     		ldrb	r2, [r3]
 398 00b2 5978     		ldrb	r1, [r3, #1]
 399 00b4 0902     		lsls	r1, r1, #8
 400 00b6 0A43     		orrs	r2, r1
 401 00b8 9978     		ldrb	r1, [r3, #2]
 402 00ba 0904     		lsls	r1, r1, #16
 403 00bc 0A43     		orrs	r2, r1
 404 00be DB78     		ldrb	r3, [r3, #3]
 405 00c0 1B06     		lsls	r3, r3, #24
 406 00c2 1343     		orrs	r3, r2
 407 00c4 1800     		movs	r0, r3
 408 00c6 3B68     		ldr	r3, [r7]
 409 00c8 1A79     		ldrb	r2, [r3, #4]
 410 00ca 5B79     		ldrb	r3, [r3, #5]
 411 00cc 1B02     		lsls	r3, r3, #8
ARM GAS  C:\Users\quint\AppData\Local\Temp\ccwFY46d.s 			page 14


 412 00ce 1343     		orrs	r3, r2
 413 00d0 9BB2     		uxth	r3, r3
 414 00d2 1900     		movs	r1, r3
 415 00d4 FFF7FEFF 		bl	CYMEMZERO
 416              	.LBE4:
 324:Generated_Source\PSoC4/cyfitter_cfg.c **** 		{
 417              		.loc 1 324 0 discriminator 3
 418 00d8 FB1D     		adds	r3, r7, #7
 419 00da 1A78     		ldrb	r2, [r3]
 420 00dc FB1D     		adds	r3, r7, #7
 421 00de 0132     		adds	r2, r2, #1
 422 00e0 1A70     		strb	r2, [r3]
 423              	.L14:
 324:Generated_Source\PSoC4/cyfitter_cfg.c **** 		{
 424              		.loc 1 324 0 is_stmt 0 discriminator 1
 425 00e2 FB1D     		adds	r3, r7, #7
 426 00e4 1B78     		ldrb	r3, [r3]
 427 00e6 012B     		cmp	r3, #1
 428 00e8 D8D9     		bls	.L15
 328:Generated_Source\PSoC4/cyfitter_cfg.c **** 		}
 329:Generated_Source\PSoC4/cyfitter_cfg.c **** 
 330:Generated_Source\PSoC4/cyfitter_cfg.c **** 		cfg_write_bytes32(cy_cfg_addr_table, cy_cfg_data_table);
 429              		.loc 1 330 0 is_stmt 1
 430 00ea 1E4A     		ldr	r2, .L16+4
 431 00ec 1E4B     		ldr	r3, .L16+8
 432 00ee 1100     		movs	r1, r2
 433 00f0 1800     		movs	r0, r3
 434 00f2 FFF7FEFF 		bl	cfg_write_bytes32
 331:Generated_Source\PSoC4/cyfitter_cfg.c **** 
 332:Generated_Source\PSoC4/cyfitter_cfg.c **** 		/* HSIOM Starting address: CYDEV_HSIOM_BASE */
 333:Generated_Source\PSoC4/cyfitter_cfg.c **** 		CY_SET_REG32((void *)(CYREG_HSIOM_PORT_SEL3), 0x0000EE00u);
 435              		.loc 1 333 0
 436 00f6 1D4B     		ldr	r3, .L16+12
 437 00f8 EE22     		movs	r2, #238
 438 00fa 1202     		lsls	r2, r2, #8
 439 00fc 1A60     		str	r2, [r3]
 334:Generated_Source\PSoC4/cyfitter_cfg.c **** 		CY_SET_REG32((void *)(CYREG_HSIOM_PORT_SEL4), 0x00000099u);
 440              		.loc 1 334 0
 441 00fe 1C4B     		ldr	r3, .L16+16
 442 0100 9922     		movs	r2, #153
 443 0102 1A60     		str	r2, [r3]
 335:Generated_Source\PSoC4/cyfitter_cfg.c **** 
 336:Generated_Source\PSoC4/cyfitter_cfg.c **** 		/* UDB_PA_1 Starting address: CYDEV_UDB_PA1_BASE */
 337:Generated_Source\PSoC4/cyfitter_cfg.c **** 		CY_SET_REG32((void *)(CYDEV_UDB_PA1_BASE), 0x00990004u);
 444              		.loc 1 337 0
 445 0104 1B4B     		ldr	r3, .L16+20
 446 0106 1C4A     		ldr	r2, .L16+24
 447 0108 1A60     		str	r2, [r3]
 338:Generated_Source\PSoC4/cyfitter_cfg.c **** 		CY_SET_REG32((void *)(CYREG_UDB_PA1_CFG4), 0x00200000u);
 448              		.loc 1 338 0
 449 010a 1C4B     		ldr	r3, .L16+28
 450 010c 8022     		movs	r2, #128
 451 010e 9203     		lsls	r2, r2, #14
 452 0110 1A60     		str	r2, [r3]
 339:Generated_Source\PSoC4/cyfitter_cfg.c **** 
 340:Generated_Source\PSoC4/cyfitter_cfg.c **** 		/* UDB_PA_3 Starting address: CYDEV_UDB_PA3_BASE */
 341:Generated_Source\PSoC4/cyfitter_cfg.c **** 		CY_SET_REG32((void *)(CYDEV_UDB_PA3_BASE), 0x00990000u);
ARM GAS  C:\Users\quint\AppData\Local\Temp\ccwFY46d.s 			page 15


 453              		.loc 1 341 0
 454 0112 1B4B     		ldr	r3, .L16+32
 455 0114 9922     		movs	r2, #153
 456 0116 1204     		lsls	r2, r2, #16
 457 0118 1A60     		str	r2, [r3]
 342:Generated_Source\PSoC4/cyfitter_cfg.c **** 
 343:Generated_Source\PSoC4/cyfitter_cfg.c **** 		/* TCPWM_CNT0 Starting address: CYDEV_TCPWM_CNT0_TR_CTRL0 */
 344:Generated_Source\PSoC4/cyfitter_cfg.c **** 		CY_SET_REG32((void *)(CYREG_TCPWM_CNT0_TR_CTRL0), 0x000BBB1Bu);
 458              		.loc 1 344 0
 459 011a 1A4B     		ldr	r3, .L16+36
 460 011c 1A4A     		ldr	r2, .L16+40
 461 011e 1A60     		str	r2, [r3]
 345:Generated_Source\PSoC4/cyfitter_cfg.c **** 
 346:Generated_Source\PSoC4/cyfitter_cfg.c **** 		/* Enable digital routing */
 347:Generated_Source\PSoC4/cyfitter_cfg.c **** 		CY_SET_XTND_REG8((void *)CYREG_UDB_UDBIF_BANK_CTL, (uint8)(CY_GET_XTND_REG8((void *)CYREG_UDB_UDB
 462              		.loc 1 347 0
 463 0120 1A4A     		ldr	r2, .L16+44
 464 0122 1A4B     		ldr	r3, .L16+44
 465 0124 1B78     		ldrb	r3, [r3]
 466 0126 DBB2     		uxtb	r3, r3
 467 0128 0621     		movs	r1, #6
 468 012a 0B43     		orrs	r3, r1
 469 012c DBB2     		uxtb	r3, r3
 470 012e 1370     		strb	r3, [r2]
 471              	.LBE3:
 348:Generated_Source\PSoC4/cyfitter_cfg.c **** 	}
 349:Generated_Source\PSoC4/cyfitter_cfg.c **** 
 350:Generated_Source\PSoC4/cyfitter_cfg.c **** 	/* Perform second pass device configuration. These items must be configured in specific order afte
 351:Generated_Source\PSoC4/cyfitter_cfg.c **** 	/* IOPINS0_1 Starting address: CYDEV_PRT1_BASE */
 352:Generated_Source\PSoC4/cyfitter_cfg.c **** 	CY_SET_REG32((void *)(CYREG_PRT1_PC), 0x001800C6u);
 472              		.loc 1 352 0
 473 0130 174B     		ldr	r3, .L16+48
 474 0132 184A     		ldr	r2, .L16+52
 475 0134 1A60     		str	r2, [r3]
 353:Generated_Source\PSoC4/cyfitter_cfg.c **** 
 354:Generated_Source\PSoC4/cyfitter_cfg.c **** 	/* IOPINS0_3 Starting address: CYDEV_PRT3_BASE */
 355:Generated_Source\PSoC4/cyfitter_cfg.c **** 	CY_SET_REG32((void *)(CYREG_PRT3_PC), 0x00000D80u);
 476              		.loc 1 355 0
 477 0136 184B     		ldr	r3, .L16+56
 478 0138 D822     		movs	r2, #216
 479 013a 1201     		lsls	r2, r2, #4
 480 013c 1A60     		str	r2, [r3]
 356:Generated_Source\PSoC4/cyfitter_cfg.c **** 
 357:Generated_Source\PSoC4/cyfitter_cfg.c **** 	/* IOPINS0_4 Starting address: CYDEV_PRT4_BASE */
 358:Generated_Source\PSoC4/cyfitter_cfg.c **** 	CY_SET_REG32((void *)(CYDEV_PRT4_BASE), 0x00000002u);
 481              		.loc 1 358 0
 482 013e 174B     		ldr	r3, .L16+60
 483 0140 0222     		movs	r2, #2
 484 0142 1A60     		str	r2, [r3]
 359:Generated_Source\PSoC4/cyfitter_cfg.c **** 	CY_SET_REG32((void *)(CYREG_PRT4_PC), 0x00000031u);
 485              		.loc 1 359 0
 486 0144 164B     		ldr	r3, .L16+64
 487 0146 3122     		movs	r2, #49
 488 0148 1A60     		str	r2, [r3]
 360:Generated_Source\PSoC4/cyfitter_cfg.c **** 	CY_SET_REG32((void *)(CYREG_PRT4_PC2), 0x00000002u);
 489              		.loc 1 360 0
 490 014a 164B     		ldr	r3, .L16+68
ARM GAS  C:\Users\quint\AppData\Local\Temp\ccwFY46d.s 			page 16


 491 014c 0222     		movs	r2, #2
 492 014e 1A60     		str	r2, [r3]
 361:Generated_Source\PSoC4/cyfitter_cfg.c **** 
 362:Generated_Source\PSoC4/cyfitter_cfg.c **** 
 363:Generated_Source\PSoC4/cyfitter_cfg.c **** 	/* Setup clocks based on selections from Clock DWR */
 364:Generated_Source\PSoC4/cyfitter_cfg.c **** 	ClockSetup();
 493              		.loc 1 364 0
 494 0150 FFF756FF 		bl	ClockSetup
 365:Generated_Source\PSoC4/cyfitter_cfg.c **** 
 366:Generated_Source\PSoC4/cyfitter_cfg.c **** 	/* Perform basic analog initialization to defaults */
 367:Generated_Source\PSoC4/cyfitter_cfg.c **** 	AnalogSetDefault();
 495              		.loc 1 367 0
 496 0154 FFF7FEFF 		bl	AnalogSetDefault
 368:Generated_Source\PSoC4/cyfitter_cfg.c **** 
 369:Generated_Source\PSoC4/cyfitter_cfg.c **** }
 497              		.loc 1 369 0
 498 0158 C046     		nop
 499 015a BD46     		mov	sp, r7
 500 015c 02B0     		add	sp, sp, #8
 501              		@ sp needed
 502 015e 80BD     		pop	{r7, pc}
 503              	.L17:
 504              		.align	2
 505              	.L16:
 506 0160 00000000 		.word	cfg_memset_list.4870
 507 0164 14000000 		.word	cy_cfg_data_table.4865
 508 0168 0C000000 		.word	cy_cfg_addr_table.4864
 509 016c 0C000140 		.word	1073807372
 510 0170 10000140 		.word	1073807376
 511 0174 10500F40 		.word	1074745360
 512 0178 04009900 		.word	10027012
 513 017c 14500F40 		.word	1074745364
 514 0180 30500F40 		.word	1074745392
 515 0184 20010540 		.word	1074069792
 516 0188 1BBB0B00 		.word	768795
 517 018c 00700F40 		.word	1074753536
 518 0190 08010440 		.word	1074004232
 519 0194 C6001800 		.word	1573062
 520 0198 08030440 		.word	1074004744
 521 019c 00040440 		.word	1074004992
 522 01a0 08040440 		.word	1074005000
 523 01a4 18040440 		.word	1074005016
 524              		.cfi_endproc
 525              	.LFE6:
 526              		.size	cyfitter_cfg, .-cyfitter_cfg
 527              		.section	.rodata
 528              		.align	2
 529              		.type	cfg_memset_list.4870, %object
 530              		.size	cfg_memset_list.4870, 12
 531              	cfg_memset_list.4870:
 532 0000 00300F40 		.word	1074737152
 533 0004 0004     		.short	1024
 534 0006 00400F40 		.4byte	1074741248
 535 000a 0004     		.short	1024
 536              		.align	2
 537              		.type	cy_cfg_addr_table.4864, %object
 538              		.size	cy_cfg_addr_table.4864, 8
ARM GAS  C:\Users\quint\AppData\Local\Temp\ccwFY46d.s 			page 17


 539              	cy_cfg_addr_table.4864:
 540 000c 04410F40 		.word	1074741508
 541 0010 02600F40 		.word	1074749442
 542              		.align	2
 543              		.type	cy_cfg_data_table.4865, %object
 544              		.size	cy_cfg_data_table.4865, 12
 545              	cy_cfg_data_table.4865:
 546 0014 02       		.byte	2
 547 0015 04       		.byte	4
 548 0016 46       		.byte	70
 549 0017 04       		.byte	4
 550 0018 C0       		.byte	-64
 551 0019 40       		.byte	64
 552 001a D0       		.byte	-48
 553 001b 20       		.byte	32
 554 001c 02       		.byte	2
 555 001d 01       		.byte	1
 556 001e 11       		.byte	17
 557 001f 01       		.byte	1
 558              		.text
 559              	.Letext0:
 560              		.file 2 "c:\\program files (x86)\\cypress\\psoc creator\\4.2\\psoc creator\\import\\gnu\\arm\\5.4.
 561              		.file 3 "Generated_Source\\PSoC4\\cytypes.h"
 562              		.section	.debug_info,"",%progbits
 563              	.Ldebug_info0:
 564 0000 5A030000 		.4byte	0x35a
 565 0004 0400     		.2byte	0x4
 566 0006 00000000 		.4byte	.Ldebug_abbrev0
 567 000a 04       		.byte	0x4
 568 000b 01       		.uleb128 0x1
 569 000c A0000000 		.4byte	.LASF40
 570 0010 0C       		.byte	0xc
 571 0011 3C020000 		.4byte	.LASF41
 572 0015 62020000 		.4byte	.LASF42
 573 0019 00000000 		.4byte	.Ldebug_ranges0+0
 574 001d 00000000 		.4byte	0
 575 0021 00000000 		.4byte	.Ldebug_line0
 576 0025 02       		.uleb128 0x2
 577 0026 04       		.byte	0x4
 578 0027 05       		.byte	0x5
 579 0028 696E7400 		.ascii	"int\000"
 580 002c 03       		.uleb128 0x3
 581 002d 06000000 		.4byte	.LASF12
 582 0031 02       		.byte	0x2
 583 0032 D8       		.byte	0xd8
 584 0033 37000000 		.4byte	0x37
 585 0037 04       		.uleb128 0x4
 586 0038 04       		.byte	0x4
 587 0039 07       		.byte	0x7
 588 003a 86010000 		.4byte	.LASF0
 589 003e 04       		.uleb128 0x4
 590 003f 08       		.byte	0x8
 591 0040 05       		.byte	0x5
 592 0041 E4010000 		.4byte	.LASF1
 593 0045 04       		.uleb128 0x4
 594 0046 08       		.byte	0x8
 595 0047 04       		.byte	0x4
ARM GAS  C:\Users\quint\AppData\Local\Temp\ccwFY46d.s 			page 18


 596 0048 24020000 		.4byte	.LASF2
 597 004c 04       		.uleb128 0x4
 598 004d 01       		.byte	0x1
 599 004e 06       		.byte	0x6
 600 004f 30020000 		.4byte	.LASF3
 601 0053 04       		.uleb128 0x4
 602 0054 01       		.byte	0x1
 603 0055 08       		.byte	0x8
 604 0056 2E010000 		.4byte	.LASF4
 605 005a 04       		.uleb128 0x4
 606 005b 02       		.byte	0x2
 607 005c 05       		.byte	0x5
 608 005d 11020000 		.4byte	.LASF5
 609 0061 04       		.uleb128 0x4
 610 0062 02       		.byte	0x2
 611 0063 07       		.byte	0x7
 612 0064 D1010000 		.4byte	.LASF6
 613 0068 04       		.uleb128 0x4
 614 0069 04       		.byte	0x4
 615 006a 05       		.byte	0x5
 616 006b 1B020000 		.4byte	.LASF7
 617 006f 04       		.uleb128 0x4
 618 0070 04       		.byte	0x4
 619 0071 07       		.byte	0x7
 620 0072 7E000000 		.4byte	.LASF8
 621 0076 04       		.uleb128 0x4
 622 0077 08       		.byte	0x8
 623 0078 07       		.byte	0x7
 624 0079 9B010000 		.4byte	.LASF9
 625 007d 04       		.uleb128 0x4
 626 007e 04       		.byte	0x4
 627 007f 07       		.byte	0x7
 628 0080 C8010000 		.4byte	.LASF10
 629 0084 05       		.uleb128 0x5
 630 0085 04       		.byte	0x4
 631 0086 04       		.uleb128 0x4
 632 0087 01       		.byte	0x1
 633 0088 08       		.byte	0x8
 634 0089 F2010000 		.4byte	.LASF11
 635 008d 06       		.uleb128 0x6
 636 008e 90000000 		.4byte	.LASF13
 637 0092 03       		.byte	0x3
 638 0093 E401     		.2byte	0x1e4
 639 0095 53000000 		.4byte	0x53
 640 0099 06       		.uleb128 0x6
 641 009a 6D010000 		.4byte	.LASF14
 642 009e 03       		.byte	0x3
 643 009f E501     		.2byte	0x1e5
 644 00a1 61000000 		.4byte	0x61
 645 00a5 06       		.uleb128 0x6
 646 00a6 7F010000 		.4byte	.LASF15
 647 00aa 03       		.byte	0x3
 648 00ab E601     		.2byte	0x1e6
 649 00ad 6F000000 		.4byte	0x6f
 650 00b1 04       		.uleb128 0x4
 651 00b2 04       		.byte	0x4
 652 00b3 04       		.byte	0x4
ARM GAS  C:\Users\quint\AppData\Local\Temp\ccwFY46d.s 			page 19


 653 00b4 59000000 		.4byte	.LASF16
 654 00b8 04       		.uleb128 0x4
 655 00b9 08       		.byte	0x8
 656 00ba 04       		.byte	0x4
 657 00bb 3C010000 		.4byte	.LASF17
 658 00bf 06       		.uleb128 0x6
 659 00c0 79000000 		.4byte	.LASF18
 660 00c4 03       		.byte	0x3
 661 00c5 8E02     		.2byte	0x28e
 662 00c7 CB000000 		.4byte	0xcb
 663 00cb 07       		.uleb128 0x7
 664 00cc 8D000000 		.4byte	0x8d
 665 00d0 06       		.uleb128 0x6
 666 00d1 00000000 		.4byte	.LASF19
 667 00d5 03       		.byte	0x3
 668 00d6 9002     		.2byte	0x290
 669 00d8 DC000000 		.4byte	0xdc
 670 00dc 07       		.uleb128 0x7
 671 00dd A5000000 		.4byte	0xa5
 672 00e1 08       		.uleb128 0x8
 673 00e2 02       		.byte	0x2
 674 00e3 01       		.byte	0x1
 675 00e4 97       		.byte	0x97
 676 00e5 02010000 		.4byte	0x102
 677 00e9 09       		.uleb128 0x9
 678 00ea 0A020000 		.4byte	.LASF20
 679 00ee 01       		.byte	0x1
 680 00ef 99       		.byte	0x99
 681 00f0 8D000000 		.4byte	0x8d
 682 00f4 00       		.byte	0
 683 00f5 09       		.uleb128 0x9
 684 00f6 1E000000 		.4byte	.LASF21
 685 00fa 01       		.byte	0x1
 686 00fb 9A       		.byte	0x9a
 687 00fc 8D000000 		.4byte	0x8d
 688 0100 01       		.byte	0x1
 689 0101 00       		.byte	0
 690 0102 03       		.uleb128 0x3
 691 0103 F7010000 		.4byte	.LASF22
 692 0107 01       		.byte	0x1
 693 0108 9B       		.byte	0x9b
 694 0109 E1000000 		.4byte	0xe1
 695 010d 0A       		.uleb128 0xa
 696 010e 96000000 		.4byte	.LASF23
 697 0112 01       		.byte	0x1
 698 0113 4A       		.byte	0x4a
 699 0114 00000000 		.4byte	.LFB0
 700 0118 1E000000 		.4byte	.LFE0-.LFB0
 701 011c 01       		.uleb128 0x1
 702 011d 9C       		.byte	0x9c
 703 011e 3B010000 		.4byte	0x13b
 704 0122 0B       		.uleb128 0xb
 705 0123 7300     		.ascii	"s\000"
 706 0125 01       		.byte	0x1
 707 0126 4A       		.byte	0x4a
 708 0127 84000000 		.4byte	0x84
 709 012b 02       		.uleb128 0x2
ARM GAS  C:\Users\quint\AppData\Local\Temp\ccwFY46d.s 			page 20


 710 012c 91       		.byte	0x91
 711 012d 74       		.sleb128 -12
 712 012e 0B       		.uleb128 0xb
 713 012f 6E00     		.ascii	"n\000"
 714 0131 01       		.byte	0x1
 715 0132 4A       		.byte	0x4a
 716 0133 2C000000 		.4byte	0x2c
 717 0137 02       		.uleb128 0x2
 718 0138 91       		.byte	0x91
 719 0139 70       		.sleb128 -16
 720 013a 00       		.byte	0
 721 013b 0A       		.uleb128 0xa
 722 013c BB020000 		.4byte	.LASF24
 723 0140 01       		.byte	0x1
 724 0141 51       		.byte	0x51
 725 0142 00000000 		.4byte	.LFB1
 726 0146 20000000 		.4byte	.LFE1-.LFB1
 727 014a 01       		.uleb128 0x1
 728 014b 9C       		.byte	0x9c
 729 014c 79010000 		.4byte	0x179
 730 0150 0C       		.uleb128 0xc
 731 0151 5F000000 		.4byte	.LASF25
 732 0155 01       		.byte	0x1
 733 0156 51       		.byte	0x51
 734 0157 84000000 		.4byte	0x84
 735 015b 02       		.uleb128 0x2
 736 015c 91       		.byte	0x91
 737 015d 74       		.sleb128 -12
 738 015e 0B       		.uleb128 0xb
 739 015f 73726300 		.ascii	"src\000"
 740 0163 01       		.byte	0x1
 741 0164 51       		.byte	0x51
 742 0165 79010000 		.4byte	0x179
 743 0169 02       		.uleb128 0x2
 744 016a 91       		.byte	0x91
 745 016b 70       		.sleb128 -16
 746 016c 0B       		.uleb128 0xb
 747 016d 6E00     		.ascii	"n\000"
 748 016f 01       		.byte	0x1
 749 0170 51       		.byte	0x51
 750 0171 2C000000 		.4byte	0x2c
 751 0175 02       		.uleb128 0x2
 752 0176 91       		.byte	0x91
 753 0177 6C       		.sleb128 -20
 754 0178 00       		.byte	0
 755 0179 0D       		.uleb128 0xd
 756 017a 04       		.byte	0x4
 757 017b 7F010000 		.4byte	0x17f
 758 017f 0E       		.uleb128 0xe
 759 0180 0A       		.uleb128 0xa
 760 0181 AB020000 		.4byte	.LASF26
 761 0185 01       		.byte	0x1
 762 0186 58       		.byte	0x58
 763 0187 00000000 		.4byte	.LFB2
 764 018b 20000000 		.4byte	.LFE2-.LFB2
 765 018f 01       		.uleb128 0x1
 766 0190 9C       		.byte	0x9c
ARM GAS  C:\Users\quint\AppData\Local\Temp\ccwFY46d.s 			page 21


 767 0191 BE010000 		.4byte	0x1be
 768 0195 0C       		.uleb128 0xc
 769 0196 5F000000 		.4byte	.LASF25
 770 019a 01       		.byte	0x1
 771 019b 58       		.byte	0x58
 772 019c 84000000 		.4byte	0x84
 773 01a0 02       		.uleb128 0x2
 774 01a1 91       		.byte	0x91
 775 01a2 74       		.sleb128 -12
 776 01a3 0B       		.uleb128 0xb
 777 01a4 73726300 		.ascii	"src\000"
 778 01a8 01       		.byte	0x1
 779 01a9 58       		.byte	0x58
 780 01aa 79010000 		.4byte	0x179
 781 01ae 02       		.uleb128 0x2
 782 01af 91       		.byte	0x91
 783 01b0 70       		.sleb128 -16
 784 01b1 0B       		.uleb128 0xb
 785 01b2 6E00     		.ascii	"n\000"
 786 01b4 01       		.byte	0x1
 787 01b5 58       		.byte	0x58
 788 01b6 2C000000 		.4byte	0x2c
 789 01ba 02       		.uleb128 0x2
 790 01bb 91       		.byte	0x91
 791 01bc 6C       		.sleb128 -20
 792 01bd 00       		.byte	0
 793 01be 0F       		.uleb128 0xf
 794 01bf 43010000 		.4byte	.LASF27
 795 01c3 01       		.byte	0x1
 796 01c4 AE       		.byte	0xae
 797 01c5 00000000 		.4byte	.LFB3
 798 01c9 82000000 		.4byte	.LFE3-.LFB3
 799 01cd 01       		.uleb128 0x1
 800 01ce 9C       		.byte	0x9c
 801 01cf 2E020000 		.4byte	0x22e
 802 01d3 0C       		.uleb128 0xc
 803 01d4 62010000 		.4byte	.LASF28
 804 01d8 01       		.byte	0x1
 805 01d9 AE       		.byte	0xae
 806 01da 2E020000 		.4byte	0x22e
 807 01de 02       		.uleb128 0x2
 808 01df 91       		.byte	0x91
 809 01e0 64       		.sleb128 -28
 810 01e1 0C       		.uleb128 0xc
 811 01e2 74010000 		.4byte	.LASF29
 812 01e6 01       		.byte	0x1
 813 01e7 AE       		.byte	0xae
 814 01e8 39020000 		.4byte	0x239
 815 01ec 02       		.uleb128 0x2
 816 01ed 91       		.byte	0x91
 817 01ee 60       		.sleb128 -32
 818 01ef 10       		.uleb128 0x10
 819 01f0 6900     		.ascii	"i\000"
 820 01f2 01       		.byte	0x1
 821 01f3 B1       		.byte	0xb1
 822 01f4 A5000000 		.4byte	0xa5
 823 01f8 02       		.uleb128 0x2
ARM GAS  C:\Users\quint\AppData\Local\Temp\ccwFY46d.s 			page 22


 824 01f9 91       		.byte	0x91
 825 01fa 74       		.sleb128 -12
 826 01fb 10       		.uleb128 0x10
 827 01fc 6A00     		.ascii	"j\000"
 828 01fe 01       		.byte	0x1
 829 01ff B1       		.byte	0xb1
 830 0200 A5000000 		.4byte	0xa5
 831 0204 02       		.uleb128 0x2
 832 0205 91       		.byte	0x91
 833 0206 70       		.sleb128 -16
 834 0207 11       		.uleb128 0x11
 835 0208 14000000 		.4byte	.LBB2
 836 020c 5A000000 		.4byte	.LBE2-.LBB2
 837 0210 12       		.uleb128 0x12
 838 0211 BF010000 		.4byte	.LASF30
 839 0215 01       		.byte	0x1
 840 0216 B4       		.byte	0xb4
 841 0217 A5000000 		.4byte	0xa5
 842 021b 02       		.uleb128 0x2
 843 021c 91       		.byte	0x91
 844 021d 68       		.sleb128 -24
 845 021e 12       		.uleb128 0x12
 846 021f 24000000 		.4byte	.LASF31
 847 0223 01       		.byte	0x1
 848 0224 B5       		.byte	0xb5
 849 0225 8D000000 		.4byte	0x8d
 850 0229 02       		.uleb128 0x2
 851 022a 91       		.byte	0x91
 852 022b 6F       		.sleb128 -17
 853 022c 00       		.byte	0
 854 022d 00       		.byte	0
 855 022e 0D       		.uleb128 0xd
 856 022f 04       		.byte	0x4
 857 0230 34020000 		.4byte	0x234
 858 0234 13       		.uleb128 0x13
 859 0235 A5000000 		.4byte	0xa5
 860 0239 0D       		.uleb128 0xd
 861 023a 04       		.byte	0x4
 862 023b 3F020000 		.4byte	0x23f
 863 023f 13       		.uleb128 0x13
 864 0240 02010000 		.4byte	0x102
 865 0244 14       		.uleb128 0x14
 866 0245 2A000000 		.4byte	.LASF32
 867 0249 01       		.byte	0x1
 868 024a D3       		.byte	0xd3
 869 024b 00000000 		.4byte	.LFB4
 870 024f 8C000000 		.4byte	.LFE4-.LFB4
 871 0253 01       		.uleb128 0x1
 872 0254 9C       		.byte	0x9c
 873 0255 15       		.uleb128 0x15
 874 0256 0D000000 		.4byte	.LASF33
 875 025a 01       		.byte	0x1
 876 025b 0801     		.2byte	0x108
 877 025d 00000000 		.4byte	.LFB5
 878 0261 0A000000 		.4byte	.LFE5-.LFB5
 879 0265 01       		.uleb128 0x1
 880 0266 9C       		.byte	0x9c
ARM GAS  C:\Users\quint\AppData\Local\Temp\ccwFY46d.s 			page 23


 881 0267 16       		.uleb128 0x16
 882 0268 55010000 		.4byte	.LASF43
 883 026c 01       		.byte	0x1
 884 026d 2001     		.2byte	0x120
 885 026f 8C000000 		.4byte	.LFB6
 886 0273 1C010000 		.4byte	.LFE6-.LFB6
 887 0277 01       		.uleb128 0x1
 888 0278 9C       		.byte	0x9c
 889 0279 33030000 		.4byte	0x333
 890 027d 11       		.uleb128 0x11
 891 027e 94000000 		.4byte	.LBB3
 892 0282 9C000000 		.4byte	.LBE3-.LBB3
 893 0286 17       		.uleb128 0x17
 894 0287 35000000 		.4byte	.LASF34
 895 028b 01       		.byte	0x1
 896 028c 2601     		.2byte	0x126
 897 028e 43030000 		.4byte	0x343
 898 0292 05       		.uleb128 0x5
 899 0293 03       		.byte	0x3
 900 0294 0C000000 		.4byte	cy_cfg_addr_table.4864
 901 0298 17       		.uleb128 0x17
 902 0299 47000000 		.4byte	.LASF35
 903 029d 01       		.byte	0x1
 904 029e 2B01     		.2byte	0x12b
 905 02a0 58030000 		.4byte	0x358
 906 02a4 05       		.uleb128 0x5
 907 02a5 03       		.byte	0x3
 908 02a6 14000000 		.4byte	cy_cfg_data_table.4865
 909 02aa 18       		.uleb128 0x18
 910 02ab 06       		.byte	0x6
 911 02ac 01       		.byte	0x1
 912 02ad 3601     		.2byte	0x136
 913 02af CE020000 		.4byte	0x2ce
 914 02b3 19       		.uleb128 0x19
 915 02b4 93010000 		.4byte	.LASF36
 916 02b8 01       		.byte	0x1
 917 02b9 3701     		.2byte	0x137
 918 02bb 84000000 		.4byte	0x84
 919 02bf 00       		.byte	0
 920 02c0 19       		.uleb128 0x19
 921 02c1 74000000 		.4byte	.LASF37
 922 02c5 01       		.byte	0x1
 923 02c6 3801     		.2byte	0x138
 924 02c8 99000000 		.4byte	0x99
 925 02cc 04       		.byte	0x4
 926 02cd 00       		.byte	0
 927 02ce 06       		.uleb128 0x6
 928 02cf B2010000 		.4byte	.LASF38
 929 02d3 01       		.byte	0x1
 930 02d4 3901     		.2byte	0x139
 931 02d6 AA020000 		.4byte	0x2aa
 932 02da 1A       		.uleb128 0x1a
 933 02db EA020000 		.4byte	0x2ea
 934 02df EA020000 		.4byte	0x2ea
 935 02e3 1B       		.uleb128 0x1b
 936 02e4 7D000000 		.4byte	0x7d
 937 02e8 01       		.byte	0x1
ARM GAS  C:\Users\quint\AppData\Local\Temp\ccwFY46d.s 			page 24


 938 02e9 00       		.byte	0
 939 02ea 13       		.uleb128 0x13
 940 02eb CE020000 		.4byte	0x2ce
 941 02ef 17       		.uleb128 0x17
 942 02f0 64000000 		.4byte	.LASF39
 943 02f4 01       		.byte	0x1
 944 02f5 3B01     		.2byte	0x13b
 945 02f7 01030000 		.4byte	0x301
 946 02fb 05       		.uleb128 0x5
 947 02fc 03       		.byte	0x3
 948 02fd 00000000 		.4byte	cfg_memset_list.4870
 949 0301 13       		.uleb128 0x13
 950 0302 DA020000 		.4byte	0x2da
 951 0306 1C       		.uleb128 0x1c
 952 0307 6900     		.ascii	"i\000"
 953 0309 01       		.byte	0x1
 954 030a 4101     		.2byte	0x141
 955 030c 8D000000 		.4byte	0x8d
 956 0310 02       		.uleb128 0x2
 957 0311 91       		.byte	0x91
 958 0312 77       		.sleb128 -9
 959 0313 11       		.uleb128 0x11
 960 0314 9C000000 		.4byte	.LBB4
 961 0318 3C000000 		.4byte	.LBE4-.LBB4
 962 031c 1C       		.uleb128 0x1c
 963 031d 6D7300   		.ascii	"ms\000"
 964 0320 01       		.byte	0x1
 965 0321 4601     		.2byte	0x146
 966 0323 2A030000 		.4byte	0x32a
 967 0327 02       		.uleb128 0x2
 968 0328 91       		.byte	0x91
 969 0329 70       		.sleb128 -16
 970 032a 0D       		.uleb128 0xd
 971 032b 04       		.byte	0x4
 972 032c EA020000 		.4byte	0x2ea
 973 0330 00       		.byte	0
 974 0331 00       		.byte	0
 975 0332 00       		.byte	0
 976 0333 1A       		.uleb128 0x1a
 977 0334 34020000 		.4byte	0x234
 978 0338 43030000 		.4byte	0x343
 979 033c 1B       		.uleb128 0x1b
 980 033d 7D000000 		.4byte	0x7d
 981 0341 01       		.byte	0x1
 982 0342 00       		.byte	0
 983 0343 13       		.uleb128 0x13
 984 0344 33030000 		.4byte	0x333
 985 0348 1A       		.uleb128 0x1a
 986 0349 3F020000 		.4byte	0x23f
 987 034d 58030000 		.4byte	0x358
 988 0351 1B       		.uleb128 0x1b
 989 0352 7D000000 		.4byte	0x7d
 990 0356 05       		.byte	0x5
 991 0357 00       		.byte	0
 992 0358 13       		.uleb128 0x13
 993 0359 48030000 		.4byte	0x348
 994 035d 00       		.byte	0
ARM GAS  C:\Users\quint\AppData\Local\Temp\ccwFY46d.s 			page 25


 995              		.section	.debug_abbrev,"",%progbits
 996              	.Ldebug_abbrev0:
 997 0000 01       		.uleb128 0x1
 998 0001 11       		.uleb128 0x11
 999 0002 01       		.byte	0x1
 1000 0003 25       		.uleb128 0x25
 1001 0004 0E       		.uleb128 0xe
 1002 0005 13       		.uleb128 0x13
 1003 0006 0B       		.uleb128 0xb
 1004 0007 03       		.uleb128 0x3
 1005 0008 0E       		.uleb128 0xe
 1006 0009 1B       		.uleb128 0x1b
 1007 000a 0E       		.uleb128 0xe
 1008 000b 55       		.uleb128 0x55
 1009 000c 17       		.uleb128 0x17
 1010 000d 11       		.uleb128 0x11
 1011 000e 01       		.uleb128 0x1
 1012 000f 10       		.uleb128 0x10
 1013 0010 17       		.uleb128 0x17
 1014 0011 00       		.byte	0
 1015 0012 00       		.byte	0
 1016 0013 02       		.uleb128 0x2
 1017 0014 24       		.uleb128 0x24
 1018 0015 00       		.byte	0
 1019 0016 0B       		.uleb128 0xb
 1020 0017 0B       		.uleb128 0xb
 1021 0018 3E       		.uleb128 0x3e
 1022 0019 0B       		.uleb128 0xb
 1023 001a 03       		.uleb128 0x3
 1024 001b 08       		.uleb128 0x8
 1025 001c 00       		.byte	0
 1026 001d 00       		.byte	0
 1027 001e 03       		.uleb128 0x3
 1028 001f 16       		.uleb128 0x16
 1029 0020 00       		.byte	0
 1030 0021 03       		.uleb128 0x3
 1031 0022 0E       		.uleb128 0xe
 1032 0023 3A       		.uleb128 0x3a
 1033 0024 0B       		.uleb128 0xb
 1034 0025 3B       		.uleb128 0x3b
 1035 0026 0B       		.uleb128 0xb
 1036 0027 49       		.uleb128 0x49
 1037 0028 13       		.uleb128 0x13
 1038 0029 00       		.byte	0
 1039 002a 00       		.byte	0
 1040 002b 04       		.uleb128 0x4
 1041 002c 24       		.uleb128 0x24
 1042 002d 00       		.byte	0
 1043 002e 0B       		.uleb128 0xb
 1044 002f 0B       		.uleb128 0xb
 1045 0030 3E       		.uleb128 0x3e
 1046 0031 0B       		.uleb128 0xb
 1047 0032 03       		.uleb128 0x3
 1048 0033 0E       		.uleb128 0xe
 1049 0034 00       		.byte	0
 1050 0035 00       		.byte	0
 1051 0036 05       		.uleb128 0x5
ARM GAS  C:\Users\quint\AppData\Local\Temp\ccwFY46d.s 			page 26


 1052 0037 0F       		.uleb128 0xf
 1053 0038 00       		.byte	0
 1054 0039 0B       		.uleb128 0xb
 1055 003a 0B       		.uleb128 0xb
 1056 003b 00       		.byte	0
 1057 003c 00       		.byte	0
 1058 003d 06       		.uleb128 0x6
 1059 003e 16       		.uleb128 0x16
 1060 003f 00       		.byte	0
 1061 0040 03       		.uleb128 0x3
 1062 0041 0E       		.uleb128 0xe
 1063 0042 3A       		.uleb128 0x3a
 1064 0043 0B       		.uleb128 0xb
 1065 0044 3B       		.uleb128 0x3b
 1066 0045 05       		.uleb128 0x5
 1067 0046 49       		.uleb128 0x49
 1068 0047 13       		.uleb128 0x13
 1069 0048 00       		.byte	0
 1070 0049 00       		.byte	0
 1071 004a 07       		.uleb128 0x7
 1072 004b 35       		.uleb128 0x35
 1073 004c 00       		.byte	0
 1074 004d 49       		.uleb128 0x49
 1075 004e 13       		.uleb128 0x13
 1076 004f 00       		.byte	0
 1077 0050 00       		.byte	0
 1078 0051 08       		.uleb128 0x8
 1079 0052 13       		.uleb128 0x13
 1080 0053 01       		.byte	0x1
 1081 0054 0B       		.uleb128 0xb
 1082 0055 0B       		.uleb128 0xb
 1083 0056 3A       		.uleb128 0x3a
 1084 0057 0B       		.uleb128 0xb
 1085 0058 3B       		.uleb128 0x3b
 1086 0059 0B       		.uleb128 0xb
 1087 005a 01       		.uleb128 0x1
 1088 005b 13       		.uleb128 0x13
 1089 005c 00       		.byte	0
 1090 005d 00       		.byte	0
 1091 005e 09       		.uleb128 0x9
 1092 005f 0D       		.uleb128 0xd
 1093 0060 00       		.byte	0
 1094 0061 03       		.uleb128 0x3
 1095 0062 0E       		.uleb128 0xe
 1096 0063 3A       		.uleb128 0x3a
 1097 0064 0B       		.uleb128 0xb
 1098 0065 3B       		.uleb128 0x3b
 1099 0066 0B       		.uleb128 0xb
 1100 0067 49       		.uleb128 0x49
 1101 0068 13       		.uleb128 0x13
 1102 0069 38       		.uleb128 0x38
 1103 006a 0B       		.uleb128 0xb
 1104 006b 00       		.byte	0
 1105 006c 00       		.byte	0
 1106 006d 0A       		.uleb128 0xa
 1107 006e 2E       		.uleb128 0x2e
 1108 006f 01       		.byte	0x1
ARM GAS  C:\Users\quint\AppData\Local\Temp\ccwFY46d.s 			page 27


 1109 0070 03       		.uleb128 0x3
 1110 0071 0E       		.uleb128 0xe
 1111 0072 3A       		.uleb128 0x3a
 1112 0073 0B       		.uleb128 0xb
 1113 0074 3B       		.uleb128 0x3b
 1114 0075 0B       		.uleb128 0xb
 1115 0076 27       		.uleb128 0x27
 1116 0077 19       		.uleb128 0x19
 1117 0078 11       		.uleb128 0x11
 1118 0079 01       		.uleb128 0x1
 1119 007a 12       		.uleb128 0x12
 1120 007b 06       		.uleb128 0x6
 1121 007c 40       		.uleb128 0x40
 1122 007d 18       		.uleb128 0x18
 1123 007e 9642     		.uleb128 0x2116
 1124 0080 19       		.uleb128 0x19
 1125 0081 01       		.uleb128 0x1
 1126 0082 13       		.uleb128 0x13
 1127 0083 00       		.byte	0
 1128 0084 00       		.byte	0
 1129 0085 0B       		.uleb128 0xb
 1130 0086 05       		.uleb128 0x5
 1131 0087 00       		.byte	0
 1132 0088 03       		.uleb128 0x3
 1133 0089 08       		.uleb128 0x8
 1134 008a 3A       		.uleb128 0x3a
 1135 008b 0B       		.uleb128 0xb
 1136 008c 3B       		.uleb128 0x3b
 1137 008d 0B       		.uleb128 0xb
 1138 008e 49       		.uleb128 0x49
 1139 008f 13       		.uleb128 0x13
 1140 0090 02       		.uleb128 0x2
 1141 0091 18       		.uleb128 0x18
 1142 0092 00       		.byte	0
 1143 0093 00       		.byte	0
 1144 0094 0C       		.uleb128 0xc
 1145 0095 05       		.uleb128 0x5
 1146 0096 00       		.byte	0
 1147 0097 03       		.uleb128 0x3
 1148 0098 0E       		.uleb128 0xe
 1149 0099 3A       		.uleb128 0x3a
 1150 009a 0B       		.uleb128 0xb
 1151 009b 3B       		.uleb128 0x3b
 1152 009c 0B       		.uleb128 0xb
 1153 009d 49       		.uleb128 0x49
 1154 009e 13       		.uleb128 0x13
 1155 009f 02       		.uleb128 0x2
 1156 00a0 18       		.uleb128 0x18
 1157 00a1 00       		.byte	0
 1158 00a2 00       		.byte	0
 1159 00a3 0D       		.uleb128 0xd
 1160 00a4 0F       		.uleb128 0xf
 1161 00a5 00       		.byte	0
 1162 00a6 0B       		.uleb128 0xb
 1163 00a7 0B       		.uleb128 0xb
 1164 00a8 49       		.uleb128 0x49
 1165 00a9 13       		.uleb128 0x13
ARM GAS  C:\Users\quint\AppData\Local\Temp\ccwFY46d.s 			page 28


 1166 00aa 00       		.byte	0
 1167 00ab 00       		.byte	0
 1168 00ac 0E       		.uleb128 0xe
 1169 00ad 26       		.uleb128 0x26
 1170 00ae 00       		.byte	0
 1171 00af 00       		.byte	0
 1172 00b0 00       		.byte	0
 1173 00b1 0F       		.uleb128 0xf
 1174 00b2 2E       		.uleb128 0x2e
 1175 00b3 01       		.byte	0x1
 1176 00b4 03       		.uleb128 0x3
 1177 00b5 0E       		.uleb128 0xe
 1178 00b6 3A       		.uleb128 0x3a
 1179 00b7 0B       		.uleb128 0xb
 1180 00b8 3B       		.uleb128 0x3b
 1181 00b9 0B       		.uleb128 0xb
 1182 00ba 27       		.uleb128 0x27
 1183 00bb 19       		.uleb128 0x19
 1184 00bc 11       		.uleb128 0x11
 1185 00bd 01       		.uleb128 0x1
 1186 00be 12       		.uleb128 0x12
 1187 00bf 06       		.uleb128 0x6
 1188 00c0 40       		.uleb128 0x40
 1189 00c1 18       		.uleb128 0x18
 1190 00c2 9742     		.uleb128 0x2117
 1191 00c4 19       		.uleb128 0x19
 1192 00c5 01       		.uleb128 0x1
 1193 00c6 13       		.uleb128 0x13
 1194 00c7 00       		.byte	0
 1195 00c8 00       		.byte	0
 1196 00c9 10       		.uleb128 0x10
 1197 00ca 34       		.uleb128 0x34
 1198 00cb 00       		.byte	0
 1199 00cc 03       		.uleb128 0x3
 1200 00cd 08       		.uleb128 0x8
 1201 00ce 3A       		.uleb128 0x3a
 1202 00cf 0B       		.uleb128 0xb
 1203 00d0 3B       		.uleb128 0x3b
 1204 00d1 0B       		.uleb128 0xb
 1205 00d2 49       		.uleb128 0x49
 1206 00d3 13       		.uleb128 0x13
 1207 00d4 02       		.uleb128 0x2
 1208 00d5 18       		.uleb128 0x18
 1209 00d6 00       		.byte	0
 1210 00d7 00       		.byte	0
 1211 00d8 11       		.uleb128 0x11
 1212 00d9 0B       		.uleb128 0xb
 1213 00da 01       		.byte	0x1
 1214 00db 11       		.uleb128 0x11
 1215 00dc 01       		.uleb128 0x1
 1216 00dd 12       		.uleb128 0x12
 1217 00de 06       		.uleb128 0x6
 1218 00df 00       		.byte	0
 1219 00e0 00       		.byte	0
 1220 00e1 12       		.uleb128 0x12
 1221 00e2 34       		.uleb128 0x34
 1222 00e3 00       		.byte	0
ARM GAS  C:\Users\quint\AppData\Local\Temp\ccwFY46d.s 			page 29


 1223 00e4 03       		.uleb128 0x3
 1224 00e5 0E       		.uleb128 0xe
 1225 00e6 3A       		.uleb128 0x3a
 1226 00e7 0B       		.uleb128 0xb
 1227 00e8 3B       		.uleb128 0x3b
 1228 00e9 0B       		.uleb128 0xb
 1229 00ea 49       		.uleb128 0x49
 1230 00eb 13       		.uleb128 0x13
 1231 00ec 02       		.uleb128 0x2
 1232 00ed 18       		.uleb128 0x18
 1233 00ee 00       		.byte	0
 1234 00ef 00       		.byte	0
 1235 00f0 13       		.uleb128 0x13
 1236 00f1 26       		.uleb128 0x26
 1237 00f2 00       		.byte	0
 1238 00f3 49       		.uleb128 0x49
 1239 00f4 13       		.uleb128 0x13
 1240 00f5 00       		.byte	0
 1241 00f6 00       		.byte	0
 1242 00f7 14       		.uleb128 0x14
 1243 00f8 2E       		.uleb128 0x2e
 1244 00f9 00       		.byte	0
 1245 00fa 03       		.uleb128 0x3
 1246 00fb 0E       		.uleb128 0xe
 1247 00fc 3A       		.uleb128 0x3a
 1248 00fd 0B       		.uleb128 0xb
 1249 00fe 3B       		.uleb128 0x3b
 1250 00ff 0B       		.uleb128 0xb
 1251 0100 27       		.uleb128 0x27
 1252 0101 19       		.uleb128 0x19
 1253 0102 11       		.uleb128 0x11
 1254 0103 01       		.uleb128 0x1
 1255 0104 12       		.uleb128 0x12
 1256 0105 06       		.uleb128 0x6
 1257 0106 40       		.uleb128 0x40
 1258 0107 18       		.uleb128 0x18
 1259 0108 9642     		.uleb128 0x2116
 1260 010a 19       		.uleb128 0x19
 1261 010b 00       		.byte	0
 1262 010c 00       		.byte	0
 1263 010d 15       		.uleb128 0x15
 1264 010e 2E       		.uleb128 0x2e
 1265 010f 00       		.byte	0
 1266 0110 03       		.uleb128 0x3
 1267 0111 0E       		.uleb128 0xe
 1268 0112 3A       		.uleb128 0x3a
 1269 0113 0B       		.uleb128 0xb
 1270 0114 3B       		.uleb128 0x3b
 1271 0115 05       		.uleb128 0x5
 1272 0116 27       		.uleb128 0x27
 1273 0117 19       		.uleb128 0x19
 1274 0118 11       		.uleb128 0x11
 1275 0119 01       		.uleb128 0x1
 1276 011a 12       		.uleb128 0x12
 1277 011b 06       		.uleb128 0x6
 1278 011c 40       		.uleb128 0x40
 1279 011d 18       		.uleb128 0x18
ARM GAS  C:\Users\quint\AppData\Local\Temp\ccwFY46d.s 			page 30


 1280 011e 9742     		.uleb128 0x2117
 1281 0120 19       		.uleb128 0x19
 1282 0121 00       		.byte	0
 1283 0122 00       		.byte	0
 1284 0123 16       		.uleb128 0x16
 1285 0124 2E       		.uleb128 0x2e
 1286 0125 01       		.byte	0x1
 1287 0126 3F       		.uleb128 0x3f
 1288 0127 19       		.uleb128 0x19
 1289 0128 03       		.uleb128 0x3
 1290 0129 0E       		.uleb128 0xe
 1291 012a 3A       		.uleb128 0x3a
 1292 012b 0B       		.uleb128 0xb
 1293 012c 3B       		.uleb128 0x3b
 1294 012d 05       		.uleb128 0x5
 1295 012e 27       		.uleb128 0x27
 1296 012f 19       		.uleb128 0x19
 1297 0130 11       		.uleb128 0x11
 1298 0131 01       		.uleb128 0x1
 1299 0132 12       		.uleb128 0x12
 1300 0133 06       		.uleb128 0x6
 1301 0134 40       		.uleb128 0x40
 1302 0135 18       		.uleb128 0x18
 1303 0136 9642     		.uleb128 0x2116
 1304 0138 19       		.uleb128 0x19
 1305 0139 01       		.uleb128 0x1
 1306 013a 13       		.uleb128 0x13
 1307 013b 00       		.byte	0
 1308 013c 00       		.byte	0
 1309 013d 17       		.uleb128 0x17
 1310 013e 34       		.uleb128 0x34
 1311 013f 00       		.byte	0
 1312 0140 03       		.uleb128 0x3
 1313 0141 0E       		.uleb128 0xe
 1314 0142 3A       		.uleb128 0x3a
 1315 0143 0B       		.uleb128 0xb
 1316 0144 3B       		.uleb128 0x3b
 1317 0145 05       		.uleb128 0x5
 1318 0146 49       		.uleb128 0x49
 1319 0147 13       		.uleb128 0x13
 1320 0148 02       		.uleb128 0x2
 1321 0149 18       		.uleb128 0x18
 1322 014a 00       		.byte	0
 1323 014b 00       		.byte	0
 1324 014c 18       		.uleb128 0x18
 1325 014d 13       		.uleb128 0x13
 1326 014e 01       		.byte	0x1
 1327 014f 0B       		.uleb128 0xb
 1328 0150 0B       		.uleb128 0xb
 1329 0151 3A       		.uleb128 0x3a
 1330 0152 0B       		.uleb128 0xb
 1331 0153 3B       		.uleb128 0x3b
 1332 0154 05       		.uleb128 0x5
 1333 0155 01       		.uleb128 0x1
 1334 0156 13       		.uleb128 0x13
 1335 0157 00       		.byte	0
 1336 0158 00       		.byte	0
ARM GAS  C:\Users\quint\AppData\Local\Temp\ccwFY46d.s 			page 31


 1337 0159 19       		.uleb128 0x19
 1338 015a 0D       		.uleb128 0xd
 1339 015b 00       		.byte	0
 1340 015c 03       		.uleb128 0x3
 1341 015d 0E       		.uleb128 0xe
 1342 015e 3A       		.uleb128 0x3a
 1343 015f 0B       		.uleb128 0xb
 1344 0160 3B       		.uleb128 0x3b
 1345 0161 05       		.uleb128 0x5
 1346 0162 49       		.uleb128 0x49
 1347 0163 13       		.uleb128 0x13
 1348 0164 38       		.uleb128 0x38
 1349 0165 0B       		.uleb128 0xb
 1350 0166 00       		.byte	0
 1351 0167 00       		.byte	0
 1352 0168 1A       		.uleb128 0x1a
 1353 0169 01       		.uleb128 0x1
 1354 016a 01       		.byte	0x1
 1355 016b 49       		.uleb128 0x49
 1356 016c 13       		.uleb128 0x13
 1357 016d 01       		.uleb128 0x1
 1358 016e 13       		.uleb128 0x13
 1359 016f 00       		.byte	0
 1360 0170 00       		.byte	0
 1361 0171 1B       		.uleb128 0x1b
 1362 0172 21       		.uleb128 0x21
 1363 0173 00       		.byte	0
 1364 0174 49       		.uleb128 0x49
 1365 0175 13       		.uleb128 0x13
 1366 0176 2F       		.uleb128 0x2f
 1367 0177 0B       		.uleb128 0xb
 1368 0178 00       		.byte	0
 1369 0179 00       		.byte	0
 1370 017a 1C       		.uleb128 0x1c
 1371 017b 34       		.uleb128 0x34
 1372 017c 00       		.byte	0
 1373 017d 03       		.uleb128 0x3
 1374 017e 08       		.uleb128 0x8
 1375 017f 3A       		.uleb128 0x3a
 1376 0180 0B       		.uleb128 0xb
 1377 0181 3B       		.uleb128 0x3b
 1378 0182 05       		.uleb128 0x5
 1379 0183 49       		.uleb128 0x49
 1380 0184 13       		.uleb128 0x13
 1381 0185 02       		.uleb128 0x2
 1382 0186 18       		.uleb128 0x18
 1383 0187 00       		.byte	0
 1384 0188 00       		.byte	0
 1385 0189 00       		.byte	0
 1386              		.section	.debug_aranges,"",%progbits
 1387 0000 4C000000 		.4byte	0x4c
 1388 0004 0200     		.2byte	0x2
 1389 0006 00000000 		.4byte	.Ldebug_info0
 1390 000a 04       		.byte	0x4
 1391 000b 00       		.byte	0
 1392 000c 0000     		.2byte	0
 1393 000e 0000     		.2byte	0
ARM GAS  C:\Users\quint\AppData\Local\Temp\ccwFY46d.s 			page 32


 1394 0010 00000000 		.4byte	.LFB0
 1395 0014 1E000000 		.4byte	.LFE0-.LFB0
 1396 0018 00000000 		.4byte	.LFB1
 1397 001c 20000000 		.4byte	.LFE1-.LFB1
 1398 0020 00000000 		.4byte	.LFB2
 1399 0024 20000000 		.4byte	.LFE2-.LFB2
 1400 0028 00000000 		.4byte	.LFB3
 1401 002c 82000000 		.4byte	.LFE3-.LFB3
 1402 0030 00000000 		.4byte	.LFB4
 1403 0034 8C000000 		.4byte	.LFE4-.LFB4
 1404 0038 00000000 		.4byte	.LFB5
 1405 003c 0A000000 		.4byte	.LFE5-.LFB5
 1406 0040 8C000000 		.4byte	.LFB6
 1407 0044 1C010000 		.4byte	.LFE6-.LFB6
 1408 0048 00000000 		.4byte	0
 1409 004c 00000000 		.4byte	0
 1410              		.section	.debug_ranges,"",%progbits
 1411              	.Ldebug_ranges0:
 1412 0000 00000000 		.4byte	.LFB0
 1413 0004 1E000000 		.4byte	.LFE0
 1414 0008 00000000 		.4byte	.LFB1
 1415 000c 20000000 		.4byte	.LFE1
 1416 0010 00000000 		.4byte	.LFB2
 1417 0014 20000000 		.4byte	.LFE2
 1418 0018 00000000 		.4byte	.LFB3
 1419 001c 82000000 		.4byte	.LFE3
 1420 0020 00000000 		.4byte	.LFB4
 1421 0024 8C000000 		.4byte	.LFE4
 1422 0028 00000000 		.4byte	.LFB5
 1423 002c 0A000000 		.4byte	.LFE5
 1424 0030 8C000000 		.4byte	.LFB6
 1425 0034 A8010000 		.4byte	.LFE6
 1426 0038 00000000 		.4byte	0
 1427 003c 00000000 		.4byte	0
 1428              		.section	.debug_line,"",%progbits
 1429              	.Ldebug_line0:
 1430 0000 8C010000 		.section	.debug_str,"MS",%progbits,1
 1430      0200CB00 
 1430      00000201 
 1430      FB0E0D00 
 1430      01010101 
 1431              	.LASF19:
 1432 0000 72656733 		.ascii	"reg32\000"
 1432      3200
 1433              	.LASF12:
 1434 0006 73697A65 		.ascii	"size_t\000"
 1434      5F7400
 1435              	.LASF33:
 1436 000d 416E616C 		.ascii	"AnalogSetDefault\000"
 1436      6F675365 
 1436      74446566 
 1436      61756C74 
 1436      00
 1437              	.LASF21:
 1438 001e 76616C75 		.ascii	"value\000"
 1438      6500
 1439              	.LASF31:
ARM GAS  C:\Users\quint\AppData\Local\Temp\ccwFY46d.s 			page 33


 1440 0024 636F756E 		.ascii	"count\000"
 1440      7400
 1441              	.LASF32:
 1442 002a 436C6F63 		.ascii	"ClockSetup\000"
 1442      6B536574 
 1442      757000
 1443              	.LASF34:
 1444 0035 63795F63 		.ascii	"cy_cfg_addr_table\000"
 1444      66675F61 
 1444      6464725F 
 1444      7461626C 
 1444      6500
 1445              	.LASF35:
 1446 0047 63795F63 		.ascii	"cy_cfg_data_table\000"
 1446      66675F64 
 1446      6174615F 
 1446      7461626C 
 1446      6500
 1447              	.LASF16:
 1448 0059 666C6F61 		.ascii	"float\000"
 1448      7400
 1449              	.LASF25:
 1450 005f 64657374 		.ascii	"dest\000"
 1450      00
 1451              	.LASF39:
 1452 0064 6366675F 		.ascii	"cfg_memset_list\000"
 1452      6D656D73 
 1452      65745F6C 
 1452      69737400 
 1453              	.LASF37:
 1454 0074 73697A65 		.ascii	"size\000"
 1454      00
 1455              	.LASF18:
 1456 0079 72656738 		.ascii	"reg8\000"
 1456      00
 1457              	.LASF8:
 1458 007e 6C6F6E67 		.ascii	"long unsigned int\000"
 1458      20756E73 
 1458      69676E65 
 1458      6420696E 
 1458      7400
 1459              	.LASF13:
 1460 0090 75696E74 		.ascii	"uint8\000"
 1460      3800
 1461              	.LASF23:
 1462 0096 43594D45 		.ascii	"CYMEMZERO\000"
 1462      4D5A4552 
 1462      4F00
 1463              	.LASF40:
 1464 00a0 474E5520 		.ascii	"GNU C11 5.4.1 20160609 (release) [ARM/embedded-5-br"
 1464      43313120 
 1464      352E342E 
 1464      31203230 
 1464      31363036 
 1465 00d3 616E6368 		.ascii	"anch revision 237715] -mcpu=cortex-m0 -mthumb -g -O"
 1465      20726576 
 1465      6973696F 
ARM GAS  C:\Users\quint\AppData\Local\Temp\ccwFY46d.s 			page 34


 1465      6E203233 
 1465      37373135 
 1466 0106 30202D66 		.ascii	"0 -ffunction-sections -ffat-lto-objects\000"
 1466      66756E63 
 1466      74696F6E 
 1466      2D736563 
 1466      74696F6E 
 1467              	.LASF4:
 1468 012e 756E7369 		.ascii	"unsigned char\000"
 1468      676E6564 
 1468      20636861 
 1468      7200
 1469              	.LASF17:
 1470 013c 646F7562 		.ascii	"double\000"
 1470      6C6500
 1471              	.LASF27:
 1472 0143 6366675F 		.ascii	"cfg_write_bytes32\000"
 1472      77726974 
 1472      655F6279 
 1472      74657333 
 1472      3200
 1473              	.LASF43:
 1474 0155 63796669 		.ascii	"cyfitter_cfg\000"
 1474      74746572 
 1474      5F636667 
 1474      00
 1475              	.LASF28:
 1476 0162 61646472 		.ascii	"addr_table\000"
 1476      5F746162 
 1476      6C6500
 1477              	.LASF14:
 1478 016d 75696E74 		.ascii	"uint16\000"
 1478      313600
 1479              	.LASF29:
 1480 0174 64617461 		.ascii	"data_table\000"
 1480      5F746162 
 1480      6C6500
 1481              	.LASF15:
 1482 017f 75696E74 		.ascii	"uint32\000"
 1482      333200
 1483              	.LASF0:
 1484 0186 756E7369 		.ascii	"unsigned int\000"
 1484      676E6564 
 1484      20696E74 
 1484      00
 1485              	.LASF36:
 1486 0193 61646472 		.ascii	"address\000"
 1486      65737300 
 1487              	.LASF9:
 1488 019b 6C6F6E67 		.ascii	"long long unsigned int\000"
 1488      206C6F6E 
 1488      6720756E 
 1488      7369676E 
 1488      65642069 
 1489              	.LASF38:
 1490 01b2 6366675F 		.ascii	"cfg_memset_t\000"
 1490      6D656D73 
ARM GAS  C:\Users\quint\AppData\Local\Temp\ccwFY46d.s 			page 35


 1490      65745F74 
 1490      00
 1491              	.LASF30:
 1492 01bf 62617365 		.ascii	"baseAddr\000"
 1492      41646472 
 1492      00
 1493              	.LASF10:
 1494 01c8 73697A65 		.ascii	"sizetype\000"
 1494      74797065 
 1494      00
 1495              	.LASF6:
 1496 01d1 73686F72 		.ascii	"short unsigned int\000"
 1496      7420756E 
 1496      7369676E 
 1496      65642069 
 1496      6E7400
 1497              	.LASF1:
 1498 01e4 6C6F6E67 		.ascii	"long long int\000"
 1498      206C6F6E 
 1498      6720696E 
 1498      7400
 1499              	.LASF11:
 1500 01f2 63686172 		.ascii	"char\000"
 1500      00
 1501              	.LASF22:
 1502 01f7 63795F63 		.ascii	"cy_cfg_addrvalue_t\000"
 1502      66675F61 
 1502      64647276 
 1502      616C7565 
 1502      5F7400
 1503              	.LASF20:
 1504 020a 6F666673 		.ascii	"offset\000"
 1504      657400
 1505              	.LASF5:
 1506 0211 73686F72 		.ascii	"short int\000"
 1506      7420696E 
 1506      7400
 1507              	.LASF7:
 1508 021b 6C6F6E67 		.ascii	"long int\000"
 1508      20696E74 
 1508      00
 1509              	.LASF2:
 1510 0224 6C6F6E67 		.ascii	"long double\000"
 1510      20646F75 
 1510      626C6500 
 1511              	.LASF3:
 1512 0230 7369676E 		.ascii	"signed char\000"
 1512      65642063 
 1512      68617200 
 1513              	.LASF41:
 1514 023c 47656E65 		.ascii	"Generated_Source\\PSoC4\\cyfitter_cfg.c\000"
 1514      72617465 
 1514      645F536F 
 1514      75726365 
 1514      5C50536F 
 1515              	.LASF42:
 1516 0262 433A5C55 		.ascii	"C:\\Users\\quint\\Downloads\\Ultrasonic Ranger.cyds"
ARM GAS  C:\Users\quint\AppData\Local\Temp\ccwFY46d.s 			page 36


 1516      73657273 
 1516      5C717569 
 1516      6E745C44 
 1516      6F776E6C 
 1517 0291 6E5C556C 		.ascii	"n\\Ultrasonic Ranger.cydsn\000"
 1517      74726173 
 1517      6F6E6963 
 1517      2052616E 
 1517      6765722E 
 1518              	.LASF26:
 1519 02ab 4359434F 		.ascii	"CYCONFIGCPYCODE\000"
 1519      4E464947 
 1519      43505943 
 1519      4F444500 
 1520              	.LASF24:
 1521 02bb 4359434F 		.ascii	"CYCONFIGCPY\000"
 1521      4E464947 
 1521      43505900 
 1522              		.ident	"GCC: (GNU Tools for ARM Embedded Processors) 5.4.1 20160609 (release) [ARM/embedded-5-bran
